stm32l4xx_hal_dcmi.c:407:13:HAL_DCMI_MspInit	0	static
stm32l4xx_hal_dcmi.c:253:19:HAL_DCMI_Init	16	static
stm32l4xx_hal_dcmi.c:423:13:HAL_DCMI_MspDeInit	0	static
stm32l4xx_hal_dcmi.c:483:19:HAL_DCMI_Start_DMA	168	static
stm32l4xx_hal_dcmi.c:654:19:HAL_DCMI_Suspend	16	static
stm32l4xx_hal_dcmi.c:704:19:HAL_DCMI_Resume	0	static
stm32l4xx_hal_dcmi.c:829:13:HAL_DCMI_ErrorCallback	0	static
stm32l4xx_hal_dcmi.c:1365:13:DCMI_DMAHalfXferCplt	8	static
stm32l4xx_hal_dcmi.c:1423:13:DCMI_DMAError	8	static
stm32l4xx_hal_dcmi.c:599:19:HAL_DCMI_Stop	16	static
stm32l4xx_hal_dcmi.c:361:19:HAL_DCMI_DeInit	16	static
stm32l4xx_hal_dcmi.c:845:13:HAL_DCMI_LineEventCallback	0	static
stm32l4xx_hal_dcmi.c:861:13:HAL_DCMI_VsyncEventCallback	0	static
stm32l4xx_hal_dcmi.c:877:13:HAL_DCMI_FrameEventCallback	0	static
stm32l4xx_hal_dcmi.c:1264:13:DCMI_DMAXferCplt	8	static
stm32l4xx_hal_dcmi.c:730:6:HAL_DCMI_IRQHandler	16	static
stm32l4xx_hal_dcmi.c:921:19:HAL_DCMI_ConfigCrop	16	static
stm32l4xx_hal_dcmi.c:954:19:HAL_DCMI_DisableCrop	0	static
stm32l4xx_hal_dcmi.c:980:19:HAL_DCMI_EnableCrop	0	static
stm32l4xx_hal_dcmi.c:1008:20:HAL_DCMI_ConfigSyncUnmask	0	static
stm32l4xx_hal_dcmi.c:1060:23:HAL_DCMI_GetState	0	static
stm32l4xx_hal_dcmi.c:1071:10:HAL_DCMI_GetError	0	static
