stm32l4xx_hal_gfxmmu.c:287:13:HAL_GFXMMU_MspInit	0	static
stm32l4xx_hal_gfxmmu.c:177:19:HAL_GFXMMU_Init	8	static
stm32l4xx_hal_gfxmmu.c:302:13:HAL_GFXMMU_MspDeInit	0	static
stm32l4xx_hal_gfxmmu.c:246:19:HAL_GFXMMU_DeInit	8	static
stm32l4xx_hal_gfxmmu.c:485:19:HAL_GFXMMU_ConfigLut	12	static
stm32l4xx_hal_gfxmmu.c:537:19:HAL_GFXMMU_DisableLutLines	8	static
stm32l4xx_hal_gfxmmu.c:582:19:HAL_GFXMMU_ConfigLutLine	8	static
stm32l4xx_hal_gfxmmu.c:633:19:HAL_GFXMMU_ModifyBuffers	0	static
stm32l4xx_hal_gfxmmu.c:697:13:HAL_GFXMMU_ErrorCallback	0	static
stm32l4xx_hal_gfxmmu.c:666:6:HAL_GFXMMU_IRQHandler	8	static
stm32l4xx_hal_gfxmmu.c:730:25:HAL_GFXMMU_GetState	0	static
stm32l4xx_hal_gfxmmu.c:741:10:HAL_GFXMMU_GetError	0	static
