stm32l4xx_hal_ltdc.c:2071:13:LTDC_SetConfig	28	static
stm32l4xx_hal_ltdc.c:348:13:HAL_LTDC_MspInit	0	static
stm32l4xx_hal_ltdc.c:207:19:HAL_LTDC_Init	16	static
stm32l4xx_hal_ltdc.c:364:13:HAL_LTDC_MspDeInit	0	static
stm32l4xx_hal_ltdc.c:316:19:HAL_LTDC_DeInit	8	static
stm32l4xx_hal_ltdc.c:697:13:HAL_LTDC_ErrorCallback	0	static
stm32l4xx_hal_ltdc.c:713:13:HAL_LTDC_LineEventCallback	0	static
stm32l4xx_hal_ltdc.c:729:13:HAL_LTDC_ReloadEventCallback	0	static
stm32l4xx_hal_ltdc.c:579:6:HAL_LTDC_IRQHandler	16	static
stm32l4xx_hal_ltdc.c:779:19:HAL_LTDC_ConfigLayer	24	static
stm32l4xx_hal_ltdc.c:829:19:HAL_LTDC_ConfigColorKeying	8	static
stm32l4xx_hal_ltdc.c:867:19:HAL_LTDC_ConfigCLUT	20	static
stm32l4xx_hal_ltdc.c:916:19:HAL_LTDC_EnableColorKeying	0	static
stm32l4xx_hal_ltdc.c:951:19:HAL_LTDC_DisableColorKeying	0	static
stm32l4xx_hal_ltdc.c:986:19:HAL_LTDC_EnableCLUT	0	static
stm32l4xx_hal_ltdc.c:1021:19:HAL_LTDC_DisableCLUT	0	static
stm32l4xx_hal_ltdc.c:1054:19:HAL_LTDC_EnableDither	0	static
stm32l4xx_hal_ltdc.c:1081:19:HAL_LTDC_DisableDither	0	static
stm32l4xx_hal_ltdc.c:1112:19:HAL_LTDC_SetWindowSize	24	static
stm32l4xx_hal_ltdc.c:1168:19:HAL_LTDC_SetWindowPosition	24	static
stm32l4xx_hal_ltdc.c:1219:19:HAL_LTDC_SetPixelFormat	16	static
stm32l4xx_hal_ltdc.c:1264:19:HAL_LTDC_SetAlpha	16	static
stm32l4xx_hal_ltdc.c:1308:19:HAL_LTDC_SetAddress	16	static
stm32l4xx_hal_ltdc.c:1355:19:HAL_LTDC_SetPitch	12	static
stm32l4xx_hal_ltdc.c:1424:19:HAL_LTDC_ProgramLineEvent	0	static
stm32l4xx_hal_ltdc.c:1463:20:HAL_LTDC_Reload	0	static
stm32l4xx_hal_ltdc.c:1502:19:HAL_LTDC_ConfigLayer_NoReload	24	static
stm32l4xx_hal_ltdc.c:1551:19:HAL_LTDC_SetWindowSize_NoReload	24	static
stm32l4xx_hal_ltdc.c:1605:19:HAL_LTDC_SetWindowPosition_NoReload	24	static
stm32l4xx_hal_ltdc.c:1654:19:HAL_LTDC_SetPixelFormat_NoReload	16	static
stm32l4xx_hal_ltdc.c:1697:19:HAL_LTDC_SetAlpha_NoReload	16	static
stm32l4xx_hal_ltdc.c:1740:19:HAL_LTDC_SetAddress_NoReload	16	static
stm32l4xx_hal_ltdc.c:1785:19:HAL_LTDC_SetPitch_NoReload	12	static
stm32l4xx_hal_ltdc.c:1852:19:HAL_LTDC_ConfigColorKeying_NoReload	0	static
stm32l4xx_hal_ltdc.c:1886:19:HAL_LTDC_EnableColorKeying_NoReload	0	static
stm32l4xx_hal_ltdc.c:1919:19:HAL_LTDC_DisableColorKeying_NoReload	0	static
stm32l4xx_hal_ltdc.c:1952:19:HAL_LTDC_EnableCLUT_NoReload	0	static
stm32l4xx_hal_ltdc.c:1985:19:HAL_LTDC_DisableCLUT_NoReload	0	static
stm32l4xx_hal_ltdc.c:2034:23:HAL_LTDC_GetState	0	static
stm32l4xx_hal_ltdc.c:2045:10:HAL_LTDC_GetError	0	static
