stm32l4xx_hal_ospi.c:2592:13:OSPI_DMACplt	0	static
stm32l4xx_hal_ospi.c:2756:26:OSPI_ConfigCmd	32	static
stm32l4xx_hal_ospi.c:2729:26:OSPI_WaitFlagStateUntilTimeout	24	static
stm32l4xx_hal_ospi.c:432:13:HAL_OSPI_MspInit	0	static
stm32l4xx_hal_ospi.c:313:19:HAL_OSPI_Init	24	static
stm32l4xx_hal_ospi.c:487:13:HAL_OSPI_MspDeInit	0	static
stm32l4xx_hal_ospi.c:447:19:HAL_OSPI_DeInit	8	static
stm32l4xx_hal_ospi.c:758:19:HAL_OSPI_Command	32	static
stm32l4xx_hal_ospi.c:884:19:HAL_OSPI_Command_IT	24	static
stm32l4xx_hal_ospi.c:974:19:HAL_OSPI_HyperbusCfg	24	static
stm32l4xx_hal_ospi.c:1021:19:HAL_OSPI_HyperbusCmd	24	static
stm32l4xx_hal_ospi.c:1083:19:HAL_OSPI_Transmit	32	static
stm32l4xx_hal_ospi.c:1157:19:HAL_OSPI_Receive	32	static
stm32l4xx_hal_ospi.c:1249:19:HAL_OSPI_Transmit_IT	0	static
stm32l4xx_hal_ospi.c:1299:19:HAL_OSPI_Receive_IT	12	static
stm32l4xx_hal_ospi.c:1372:19:HAL_OSPI_Transmit_DMA	16	static
stm32l4xx_hal_ospi.c:1495:19:HAL_OSPI_Receive_DMA	24	static
stm32l4xx_hal_ospi.c:1635:19:HAL_OSPI_AutoPolling	40	static
stm32l4xx_hal_ospi.c:1714:19:HAL_OSPI_AutoPolling_IT	32	static
stm32l4xx_hal_ospi.c:1789:19:HAL_OSPI_MemoryMapped	24	static
stm32l4xx_hal_ospi.c:1842:13:HAL_OSPI_ErrorCallback	0	static
stm32l4xx_hal_ospi.c:1857:13:HAL_OSPI_AbortCpltCallback	0	static
stm32l4xx_hal_ospi.c:2672:13:OSPI_DMAAbortCplt	8	static
stm32l4xx_hal_ospi.c:1872:13:HAL_OSPI_FifoThresholdCallback	0	static
stm32l4xx_hal_ospi.c:1887:13:HAL_OSPI_CmdCpltCallback	0	static
stm32l4xx_hal_ospi.c:1902:13:HAL_OSPI_RxCpltCallback	0	static
stm32l4xx_hal_ospi.c:1917:14:HAL_OSPI_TxCpltCallback	0	static
stm32l4xx_hal_ospi.c:1932:13:HAL_OSPI_RxHalfCpltCallback	0	static
stm32l4xx_hal_ospi.c:1947:13:HAL_OSPI_TxHalfCpltCallback	0	static
stm32l4xx_hal_ospi.c:2612:13:OSPI_DMAHalfCplt	8	static
stm32l4xx_hal_ospi.c:1962:13:HAL_OSPI_StatusMatchCallback	0	static
stm32l4xx_hal_ospi.c:1977:13:HAL_OSPI_TimeOutCallback	0	static
stm32l4xx_hal_ospi.c:527:6:HAL_OSPI_IRQHandler	16	static
stm32l4xx_hal_ospi.c:2227:19:HAL_OSPI_Abort	24	static
stm32l4xx_hal_ospi.c:2295:19:HAL_OSPI_Abort_IT	16	static
stm32l4xx_hal_ospi.c:2640:13:OSPI_DMAError	8	static
stm32l4xx_hal_ospi.c:2373:19:HAL_OSPI_SetFifoThreshold	8	static
stm32l4xx_hal_ospi.c:2401:10:HAL_OSPI_GetFifoThreshold	0	static
stm32l4xx_hal_ospi.c:2411:19:HAL_OSPI_SetTimeout	0	static
stm32l4xx_hal_ospi.c:2422:10:HAL_OSPI_GetError	0	static
stm32l4xx_hal_ospi.c:2432:10:HAL_OSPI_GetState	0	static
stm32l4xx_hal_ospi.c:2464:19:HAL_OSPIM_Config	80	static
