stm32l4xx_hal_dma2d.c:1949:13:DMA2D_SetConfig	16	static
stm32l4xx_hal_dma2d.c:429:13:HAL_DMA2D_MspInit	0	static
stm32l4xx_hal_dma2d.c:253:19:HAL_DMA2D_Init	8	static
stm32l4xx_hal_dma2d.c:445:13:HAL_DMA2D_MspDeInit	0	static
stm32l4xx_hal_dma2d.c:699:19:HAL_DMA2D_Start	24	static
stm32l4xx_hal_dma2d.c:733:19:HAL_DMA2D_Start_IT	24	static
stm32l4xx_hal_dma2d.c:768:19:HAL_DMA2D_BlendingStart	24	static
stm32l4xx_hal_dma2d.c:803:19:HAL_DMA2D_BlendingStart_IT	24	static
stm32l4xx_hal_dma2d.c:836:19:HAL_DMA2D_Abort	16	static
stm32l4xx_hal_dma2d.c:885:19:HAL_DMA2D_Suspend	16	static
stm32l4xx_hal_dma2d.c:934:19:HAL_DMA2D_Resume	0	static
stm32l4xx_hal_dma2d.c:962:19:HAL_DMA2D_EnableCLUT	0	static
stm32l4xx_hal_dma2d.c:1000:19:HAL_DMA2D_CLUTLoad	32	static
stm32l4xx_hal_dma2d.c:1054:19:HAL_DMA2D_CLUTLoad_IT	32	static
stm32l4xx_hal_dma2d.c:1112:19:HAL_DMA2D_CLUTLoading_Abort	16	static
stm32l4xx_hal_dma2d.c:339:19:HAL_DMA2D_DeInit	16	static
stm32l4xx_hal_dma2d.c:1169:19:HAL_DMA2D_CLUTLoading_Suspend	16	static
stm32l4xx_hal_dma2d.c:1230:19:HAL_DMA2D_CLUTLoading_Resume	0	static
stm32l4xx_hal_dma2d.c:1273:19:HAL_DMA2D_PollForTransfer	24	static
stm32l4xx_hal_dma2d.c:1571:13:HAL_DMA2D_LineEventCallback	0	static
stm32l4xx_hal_dma2d.c:1587:13:HAL_DMA2D_CLUTLoadingCpltCallback	0	static
stm32l4xx_hal_dma2d.c:1401:6:HAL_DMA2D_IRQHandler	16	static
stm32l4xx_hal_dma2d.c:1630:19:HAL_DMA2D_ConfigLayer	20	static
stm32l4xx_hal_dma2d.c:1724:19:HAL_DMA2D_ConfigCLUT	32	static
stm32l4xx_hal_dma2d.c:1778:19:HAL_DMA2D_ProgramLineEvent	0	static
stm32l4xx_hal_dma2d.c:1816:19:HAL_DMA2D_EnableDeadTime	0	static
stm32l4xx_hal_dma2d.c:1839:19:HAL_DMA2D_DisableDeadTime	0	static
stm32l4xx_hal_dma2d.c:1865:19:HAL_DMA2D_ConfigDeadTime	0	static
stm32l4xx_hal_dma2d.c:1910:24:HAL_DMA2D_GetState	0	static
stm32l4xx_hal_dma2d.c:1921:10:HAL_DMA2D_GetError	0	static
