stm32l4xx_hal_dsi.c:438:19:HAL_DSI_ConfigErrorMonitor	0	static
stm32l4xx_hal_dsi.c:521:13:HAL_DSI_MspInit	0	static
stm32l4xx_hal_dsi.c:245:19:HAL_DSI_Init	24	static
stm32l4xx_hal_dsi.c:536:13:HAL_DSI_MspDeInit	0	static
stm32l4xx_hal_dsi.c:380:19:HAL_DSI_DeInit	32	static
stm32l4xx_hal_dsi.c:871:13:HAL_DSI_TearingEffectCallback	0	static
stm32l4xx_hal_dsi.c:886:13:HAL_DSI_EndOfRefreshCallback	0	static
stm32l4xx_hal_dsi.c:901:13:HAL_DSI_ErrorCallback	0	static
stm32l4xx_hal_dsi.c:750:6:HAL_DSI_IRQHandler	8	static
stm32l4xx_hal_dsi.c:961:19:HAL_DSI_SetGenericVCID	0	static
stm32l4xx_hal_dsi.c:984:19:HAL_DSI_ConfigVideoMode	16	static
stm32l4xx_hal_dsi.c:1134:19:HAL_DSI_ConfigAdaptedCommandMode	12	static
stm32l4xx_hal_dsi.c:1204:19:HAL_DSI_ConfigCommand	12	static
stm32l4xx_hal_dsi.c:1267:19:HAL_DSI_ConfigFlowControl	0	static
stm32l4xx_hal_dsi.c:1293:19:HAL_DSI_ConfigPhyTimer	12	static
stm32l4xx_hal_dsi.c:1337:19:HAL_DSI_ConfigHostTimeouts	12	static
stm32l4xx_hal_dsi.c:1390:19:HAL_DSI_Start	8	static
stm32l4xx_hal_dsi.c:1413:19:HAL_DSI_Stop	8	static
stm32l4xx_hal_dsi.c:1436:19:HAL_DSI_Refresh	0	static
stm32l4xx_hal_dsi.c:1458:19:HAL_DSI_ColorMode	0	static
stm32l4xx_hal_dsi.c:1484:19:HAL_DSI_Shutdown	0	static
stm32l4xx_hal_dsi.c:1515:19:HAL_DSI_ShortWrite	32	static
stm32l4xx_hal_dsi.c:1572:19:HAL_DSI_LongWrite	40	static
stm32l4xx_hal_dsi.c:1659:19:HAL_DSI_Read	40	static
stm32l4xx_hal_dsi.c:1758:19:HAL_DSI_EnterULPMData	16	static
stm32l4xx_hal_dsi.c:1821:19:HAL_DSI_ExitULPMData	16	static
stm32l4xx_hal_dsi.c:1890:19:HAL_DSI_EnterULPM	24	static
stm32l4xx_hal_dsi.c:1962:19:HAL_DSI_ExitULPM	24	static
stm32l4xx_hal_dsi.c:2063:19:HAL_DSI_PatternGeneratorStart	8	static
stm32l4xx_hal_dsi.c:2087:19:HAL_DSI_PatternGeneratorStop	0	static
stm32l4xx_hal_dsi.c:2112:19:HAL_DSI_SetSlewRateAndDelayTuning	8	static
stm32l4xx_hal_dsi.c:2203:19:HAL_DSI_SetLowPowerRXFilter	0	static
stm32l4xx_hal_dsi.c:2226:19:HAL_DSI_SetSDD	0	static
stm32l4xx_hal_dsi.c:2255:19:HAL_DSI_SetLanePinsConfiguration	8	static
stm32l4xx_hal_dsi.c:2341:19:HAL_DSI_SetPHYTimings	8	static
stm32l4xx_hal_dsi.c:2488:19:HAL_DSI_ForceTXStopMode	0	static
stm32l4xx_hal_dsi.c:2530:19:HAL_DSI_ForceRXLowPower	0	static
stm32l4xx_hal_dsi.c:2555:19:HAL_DSI_ForceDataLanesInRX	0	static
stm32l4xx_hal_dsi.c:2580:19:HAL_DSI_SetPullDown	0	static
stm32l4xx_hal_dsi.c:2605:19:HAL_DSI_SetContentionDetectionOff	0	static
stm32l4xx_hal_dsi.c:2649:22:HAL_DSI_GetState	0	static
stm32l4xx_hal_dsi.c:2660:10:HAL_DSI_GetError	0	static
