Archive member included to satisfy reference by file (symbol)

c:/program files (x86)/atollic/truestudio for stm32 9.3.0/armtools/bin/../lib/gcc/arm-atollic-eabi/6.3.1/../../../../arm-atollic-eabi/lib/armv7e-m/fpu\libc_nano.a(lib_a-errno.o)
                              Src\syscalls.o (__errno)
c:/program files (x86)/atollic/truestudio for stm32 9.3.0/armtools/bin/../lib/gcc/arm-atollic-eabi/6.3.1/../../../../arm-atollic-eabi/lib/armv7e-m/fpu\libc_nano.a(lib_a-impure.o)
                              c:/program files (x86)/atollic/truestudio for stm32 9.3.0/armtools/bin/../lib/gcc/arm-atollic-eabi/6.3.1/../../../../arm-atollic-eabi/lib/armv7e-m/fpu\libc_nano.a(lib_a-errno.o) (_impure_ptr)
c:/program files (x86)/atollic/truestudio for stm32 9.3.0/armtools/bin/../lib/gcc/arm-atollic-eabi/6.3.1/../../../../arm-atollic-eabi/lib/armv7e-m/fpu\libc_nano.a(lib_a-init.o)
                              startup\startup_stm32l4r9xx.o (__libc_init_array)
c:/program files (x86)/atollic/truestudio for stm32 9.3.0/armtools/bin/../lib/gcc/arm-atollic-eabi/6.3.1/../../../../arm-atollic-eabi/lib/armv7e-m/fpu\libc_nano.a(lib_a-malloc.o)
                              Drivers\BSP\STM32L4R9I-Discovery\stm32l4r9i_discovery_audio.o (malloc)
c:/program files (x86)/atollic/truestudio for stm32 9.3.0/armtools/bin/../lib/gcc/arm-atollic-eabi/6.3.1/../../../../arm-atollic-eabi/lib/armv7e-m/fpu\libc_nano.a(lib_a-memcpy-stub.o)
                              Drivers\BSP\Components\m24sr\m24sr.o (memcpy)
c:/program files (x86)/atollic/truestudio for stm32 9.3.0/armtools/bin/../lib/gcc/arm-atollic-eabi/6.3.1/../../../../arm-atollic-eabi/lib/armv7e-m/fpu\libc_nano.a(lib_a-memset.o)
                              Drivers\BSP\Components\m24sr\m24sr.o (memset)
c:/program files (x86)/atollic/truestudio for stm32 9.3.0/armtools/bin/../lib/gcc/arm-atollic-eabi/6.3.1/../../../../arm-atollic-eabi/lib/armv7e-m/fpu\libc_nano.a(lib_a-nano-freer.o)
                              c:/program files (x86)/atollic/truestudio for stm32 9.3.0/armtools/bin/../lib/gcc/arm-atollic-eabi/6.3.1/../../../../arm-atollic-eabi/lib/armv7e-m/fpu\libc_nano.a(lib_a-malloc.o) (_free_r)
c:/program files (x86)/atollic/truestudio for stm32 9.3.0/armtools/bin/../lib/gcc/arm-atollic-eabi/6.3.1/../../../../arm-atollic-eabi/lib/armv7e-m/fpu\libc_nano.a(lib_a-nano-mallocr.o)
                              c:/program files (x86)/atollic/truestudio for stm32 9.3.0/armtools/bin/../lib/gcc/arm-atollic-eabi/6.3.1/../../../../arm-atollic-eabi/lib/armv7e-m/fpu\libc_nano.a(lib_a-malloc.o) (_malloc_r)
c:/program files (x86)/atollic/truestudio for stm32 9.3.0/armtools/bin/../lib/gcc/arm-atollic-eabi/6.3.1/../../../../arm-atollic-eabi/lib/armv7e-m/fpu\libc_nano.a(lib_a-sbrkr.o)
                              c:/program files (x86)/atollic/truestudio for stm32 9.3.0/armtools/bin/../lib/gcc/arm-atollic-eabi/6.3.1/../../../../arm-atollic-eabi/lib/armv7e-m/fpu\libc_nano.a(lib_a-nano-mallocr.o) (_sbrk_r)
c:/program files (x86)/atollic/truestudio for stm32 9.3.0/armtools/bin/../lib/gcc/arm-atollic-eabi/6.3.1/../../../../arm-atollic-eabi/lib/armv7e-m/fpu\libc_nano.a(lib_a-mlock.o)
                              c:/program files (x86)/atollic/truestudio for stm32 9.3.0/armtools/bin/../lib/gcc/arm-atollic-eabi/6.3.1/../../../../arm-atollic-eabi/lib/armv7e-m/fpu\libc_nano.a(lib_a-nano-freer.o) (__malloc_lock)
c:/program files (x86)/atollic/truestudio for stm32 9.3.0/armtools/bin/../lib/gcc/arm-atollic-eabi/6.3.1/../../../../arm-atollic-eabi/lib/armv7e-m/fpu\libc_nano.a(lib_a-reent.o)
                              c:/program files (x86)/atollic/truestudio for stm32 9.3.0/armtools/bin/../lib/gcc/arm-atollic-eabi/6.3.1/../../../../arm-atollic-eabi/lib/armv7e-m/fpu\libc_nano.a(lib_a-sbrkr.o) (errno)
c:/program files (x86)/atollic/truestudio for stm32 9.3.0/armtools/bin/../lib/gcc/arm-atollic-eabi/6.3.1/armv7e-m/fpu\libgcc.a(_arm_addsubdf3.o)
                              Drivers\BSP\STM32L4R9I-Discovery\stm32l4r9i_discovery_ts.o (__aeabi_i2d)
c:/program files (x86)/atollic/truestudio for stm32 9.3.0/armtools/bin/../lib/gcc/arm-atollic-eabi/6.3.1/armv7e-m/fpu\libgcc.a(_arm_muldivdf3.o)
                              Drivers\BSP\STM32L4R9I-Discovery\stm32l4r9i_discovery_ts.o (__aeabi_dmul)
c:/program files (x86)/atollic/truestudio for stm32 9.3.0/armtools/bin/../lib/gcc/arm-atollic-eabi/6.3.1/armv7e-m/fpu\libgcc.a(_arm_fixdfsi.o)
                              Drivers\BSP\STM32L4R9I-Discovery\stm32l4r9i_discovery_ts.o (__aeabi_d2iz)

Allocating common symbols
Common symbol       size              file

BSP_AUDIO_hDfsdmRightFilter
                    0x54              Drivers\BSP\STM32L4R9I-Discovery\stm32l4r9i_discovery_audio.o
errno               0x4               c:/program files (x86)/atollic/truestudio for stm32 9.3.0/armtools/bin/../lib/gcc/arm-atollic-eabi/6.3.1/../../../../arm-atollic-eabi/lib/armv7e-m/fpu\libc_nano.a(lib_a-reent.o)
hi2c1               0x4c              Src\main.o
[...]
Memory Configuration

Name             Origin             Length             Attributes
RAM              0x20000000         0x000a0000         xrw
FLASH            0x08000000         0x00200000         xr
*default*        0x00000000         0xffffffff

Linker script and memory map

LOAD c:/program files (x86)/atollic/truestudio for stm32 9.3.0/armtools/bin/../lib/gcc/arm-atollic-eabi/6.3.1/armv7e-m/fpu/crti.o
LOAD c:/program files (x86)/atollic/truestudio for stm32 9.3.0/armtools/bin/../lib/gcc/arm-atollic-eabi/6.3.1/armv7e-m/fpu/crtbegin.o
LOAD Drivers\BSP\Components\cs42l51\cs42l51.o
LOAD Drivers\BSP\Components\cs43l22\cs43l22.o
LOAD Drivers\BSP\Components\ft3x67\ft3x67.o
LOAD Drivers\BSP\Components\ft5336\ft5336.o
LOAD Drivers\BSP\Components\ft6x06\ft6x06.o
LOAD Drivers\BSP\Components\hts221\hts221.o
LOAD Drivers\BSP\Components\hx8347g\hx8347g.o
LOAD Drivers\BSP\Components\l3gd20\l3gd20.o
LOAD Drivers\BSP\Components\lis3mdl\lis3mdl.o
LOAD Drivers\BSP\Components\lps22hb\lps22hb.o
LOAD Drivers\BSP\Components\ls016b8uy\ls016b8uy.o
LOAD Drivers\BSP\Components\lsm303c\lsm303c.o
LOAD Drivers\BSP\Components\lsm303dlhc\lsm303dlhc.o
LOAD Drivers\BSP\Components\lsm6dsl\lsm6dsl.o
LOAD Drivers\BSP\Components\m24sr\m24sr.o
LOAD Drivers\BSP\Components\mfxstm32l152\mfxstm32l152.o
LOAD Drivers\BSP\Components\ov9655\ov9655.o
LOAD Drivers\BSP\Components\st7735\st7735.o
LOAD Drivers\BSP\Components\st7789h2\st7789h2.o
LOAD Drivers\BSP\Components\stmpe1600\stmpe1600.o
LOAD Drivers\BSP\Components\stmpe811\stmpe811.o
LOAD Drivers\BSP\Components\wm8994\wm8994.o
LOAD Drivers\BSP\STM32L4R9I-Discovery\Utilities\Fonts\font12.o
LOAD Drivers\BSP\STM32L4R9I-Discovery\Utilities\Fonts\font16.o
LOAD Drivers\BSP\STM32L4R9I-Discovery\Utilities\Fonts\font20.o
LOAD Drivers\BSP\STM32L4R9I-Discovery\Utilities\Fonts\font24.o
LOAD Drivers\BSP\STM32L4R9I-Discovery\Utilities\Fonts\font8.o
LOAD Drivers\BSP\STM32L4R9I-Discovery\stm32l4r9i_discovery.o
LOAD Drivers\BSP\STM32L4R9I-Discovery\stm32l4r9i_discovery_audio.o
LOAD Drivers\BSP\STM32L4R9I-Discovery\stm32l4r9i_discovery_camera.o
LOAD Drivers\BSP\STM32L4R9I-Discovery\stm32l4r9i_discovery_idd.o
LOAD Drivers\BSP\STM32L4R9I-Discovery\stm32l4r9i_discovery_io.o
LOAD Drivers\BSP\STM32L4R9I-Discovery\stm32l4r9i_discovery_lcd.o
LOAD Drivers\BSP\STM32L4R9I-Discovery\stm32l4r9i_discovery_ospi_nor.o
LOAD Drivers\BSP\STM32L4R9I-Discovery\stm32l4r9i_discovery_psram.o
LOAD Drivers\BSP\STM32L4R9I-Discovery\stm32l4r9i_discovery_sd.o
LOAD Drivers\BSP\STM32L4R9I-Discovery\stm32l4r9i_discovery_ts.o
LOAD Drivers\STM32L4xx_HAL_Driver\Src\stm32l4xx_hal.o
LOAD Drivers\STM32L4xx_HAL_Driver\Src\stm32l4xx_hal_cortex.o
LOAD Drivers\STM32L4xx_HAL_Driver\Src\stm32l4xx_hal_dcmi.o
LOAD Drivers\STM32L4xx_HAL_Driver\Src\stm32l4xx_hal_dfsdm.o
LOAD Drivers\STM32L4xx_HAL_Driver\Src\stm32l4xx_hal_dfsdm_ex.o
LOAD Drivers\STM32L4xx_HAL_Driver\Src\stm32l4xx_hal_dma.o
LOAD Drivers\STM32L4xx_HAL_Driver\Src\stm32l4xx_hal_dma2d.o
LOAD Drivers\STM32L4xx_HAL_Driver\Src\stm32l4xx_hal_dma_ex.o
LOAD Drivers\STM32L4xx_HAL_Driver\Src\stm32l4xx_hal_dsi.o
LOAD Drivers\STM32L4xx_HAL_Driver\Src\stm32l4xx_hal_exti.o
LOAD Drivers\STM32L4xx_HAL_Driver\Src\stm32l4xx_hal_flash.o
LOAD Drivers\STM32L4xx_HAL_Driver\Src\stm32l4xx_hal_flash_ex.o
LOAD Drivers\STM32L4xx_HAL_Driver\Src\stm32l4xx_hal_flash_ramfunc.o
LOAD Drivers\STM32L4xx_HAL_Driver\Src\stm32l4xx_hal_gfxmmu.o
LOAD Drivers\STM32L4xx_HAL_Driver\Src\stm32l4xx_hal_gpio.o
LOAD Drivers\STM32L4xx_HAL_Driver\Src\stm32l4xx_hal_i2c.o
LOAD Drivers\STM32L4xx_HAL_Driver\Src\stm32l4xx_hal_i2c_ex.o
LOAD Drivers\STM32L4xx_HAL_Driver\Src\stm32l4xx_hal_ltdc.o
LOAD Drivers\STM32L4xx_HAL_Driver\Src\stm32l4xx_hal_ltdc_ex.o
LOAD Drivers\STM32L4xx_HAL_Driver\Src\stm32l4xx_hal_ospi.o
LOAD Drivers\STM32L4xx_HAL_Driver\Src\stm32l4xx_hal_pwr.o
LOAD Drivers\STM32L4xx_HAL_Driver\Src\stm32l4xx_hal_pwr_ex.o
LOAD Drivers\STM32L4xx_HAL_Driver\Src\stm32l4xx_hal_rcc.o
LOAD Drivers\STM32L4xx_HAL_Driver\Src\stm32l4xx_hal_rcc_ex.o
LOAD Drivers\STM32L4xx_HAL_Driver\Src\stm32l4xx_hal_rtc.o
LOAD Drivers\STM32L4xx_HAL_Driver\Src\stm32l4xx_hal_rtc_ex.o
LOAD Drivers\STM32L4xx_HAL_Driver\Src\stm32l4xx_hal_sai.o
LOAD Drivers\STM32L4xx_HAL_Driver\Src\stm32l4xx_hal_sai_ex.o
LOAD Drivers\STM32L4xx_HAL_Driver\Src\stm32l4xx_hal_sd.o
LOAD Drivers\STM32L4xx_HAL_Driver\Src\stm32l4xx_hal_sd_ex.o
LOAD Drivers\STM32L4xx_HAL_Driver\Src\stm32l4xx_hal_smbus.o
LOAD Drivers\STM32L4xx_HAL_Driver\Src\stm32l4xx_hal_sram.o
LOAD Drivers\STM32L4xx_HAL_Driver\Src\stm32l4xx_hal_tim.o
LOAD Drivers\STM32L4xx_HAL_Driver\Src\stm32l4xx_hal_tim_ex.o
LOAD Drivers\STM32L4xx_HAL_Driver\Src\stm32l4xx_ll_fmc.o
LOAD Drivers\STM32L4xx_HAL_Driver\Src\stm32l4xx_ll_sdmmc.o
LOAD Src\main.o
LOAD Src\stm32l4xx_hal_msp.o
LOAD Src\stm32l4xx_it.o
LOAD Src\syscalls.o
LOAD Src\system_stm32l4xx.o
LOAD startup\startup_stm32l4r9xx.o
                0x00000080                malloc_getpagesize_P = 0x80
START GROUP
LOAD c:/program files (x86)/atollic/truestudio for stm32 9.3.0/armtools/bin/../lib/gcc/arm-atollic-eabi/6.3.1/../../../../arm-atollic-eabi/lib/armv7e-m/fpu\libc_nano.a
LOAD c:/program files (x86)/atollic/truestudio for stm32 9.3.0/armtools/bin/../lib/gcc/arm-atollic-eabi/6.3.1/../../../../arm-atollic-eabi/lib/armv7e-m/fpu\libm.a
END GROUP
START GROUP
LOAD c:/program files (x86)/atollic/truestudio for stm32 9.3.0/armtools/bin/../lib/gcc/arm-atollic-eabi/6.3.1/armv7e-m/fpu\libgcc.a
LOAD c:/program files (x86)/atollic/truestudio for stm32 9.3.0/armtools/bin/../lib/gcc/arm-atollic-eabi/6.3.1/../../../../arm-atollic-eabi/lib/armv7e-m/fpu\libc_nano.a
END GROUP
START GROUP
LOAD c:/program files (x86)/atollic/truestudio for stm32 9.3.0/armtools/bin/../lib/gcc/arm-atollic-eabi/6.3.1/armv7e-m/fpu\libgcc.a
LOAD c:/program files (x86)/atollic/truestudio for stm32 9.3.0/armtools/bin/../lib/gcc/arm-atollic-eabi/6.3.1/../../../../arm-atollic-eabi/lib/armv7e-m/fpu\libc_nano.a
LOAD c:/program files (x86)/atollic/truestudio for stm32 9.3.0/armtools/bin/../lib/gcc/arm-atollic-eabi/6.3.1/../../../../arm-atollic-eabi/lib/armv7e-m/fpu\libnosys.a
END GROUP
START GROUP
LOAD c:/program files (x86)/atollic/truestudio for stm32 9.3.0/armtools/bin/../lib/gcc/arm-atollic-eabi/6.3.1/armv7e-m/fpu\libgcc.a
LOAD c:/program files (x86)/atollic/truestudio for stm32 9.3.0/armtools/bin/../lib/gcc/arm-atollic-eabi/6.3.1/../../../../arm-atollic-eabi/lib/armv7e-m/fpu\libc_nano.a
LOAD c:/program files (x86)/atollic/truestudio for stm32 9.3.0/armtools/bin/../lib/gcc/arm-atollic-eabi/6.3.1/../../../../arm-atollic-eabi/lib/armv7e-m/fpu\libnosys.a
END GROUP
LOAD c:/program files (x86)/atollic/truestudio for stm32 9.3.0/armtools/bin/../lib/gcc/arm-atollic-eabi/6.3.1/armv7e-m/fpu/crtend.o
LOAD c:/program files (x86)/atollic/truestudio for stm32 9.3.0/armtools/bin/../lib/gcc/arm-atollic-eabi/6.3.1/armv7e-m/fpu/crtn.o
                0x200a0000                _estack = 0x200a0000
                0x00000200                _Min_Heap_Size = 0x200
                0x00000400                _Min_Stack_Size = 0x400

.isr_vector     0x08000000      0x1bc
                0x08000000                . = ALIGN (0x4)
 *(.isr_vector)
 .isr_vector    0x08000000      0x1bc startup\startup_stm32l4r9xx.o
                0x08000000                g_pfnVectors
                0x080001bc                . = ALIGN (0x4)

.text           0x080001bc     0x48d4
                0x080001bc                . = ALIGN (0x4)
 *(.text)
 .text          0x080001bc       0x40 c:/program files (x86)/atollic/truestudio for stm32 9.3.0/armtools/bin/../lib/gcc/arm-atollic-eabi/6.3.1/armv7e-m/fpu/crtbegin.o
 *(.text*)
 .text.HAL_SAI_MspInit
                0x080001fc      0x1a4 Drivers\BSP\STM32L4R9I-Discovery\stm32l4r9i_discovery_audio.o
                0x080001fc                HAL_SAI_MspInit
 .text.HAL_DFSDM_ChannelMspInit
                0x080003a0       0xe8 Drivers\BSP\STM32L4R9I-Discovery\stm32l4r9i_discovery_audio.o
                0x080003a0                HAL_DFSDM_ChannelMspInit
 .text.HAL_InitTick
                0x08000488       0x30 Drivers\STM32L4xx_HAL_Driver\Src\stm32l4xx_hal.o
                0x08000488                HAL_InitTick
 .text.HAL_Init
                0x080004b8       0x1e Drivers\STM32L4xx_HAL_Driver\Src\stm32l4xx_hal.o
                0x080004b8                HAL_Init
 *fill*         0x080004d6        0x2 
 .text.HAL_IncTick
                0x080004d8       0x10 Drivers\STM32L4xx_HAL_Driver\Src\stm32l4xx_hal.o
                0x080004d8                HAL_IncTick
 .text.HAL_GetTick
                0x080004e8        0xc Drivers\STM32L4xx_HAL_Driver\Src\stm32l4xx_hal.o
                0x080004e8                HAL_GetTick
 .text.HAL_Delay
                0x080004f4       0x1c Drivers\STM32L4xx_HAL_Driver\Src\stm32l4xx_hal.o
                0x080004f4                HAL_Delay
 .text.HAL_NVIC_SetPriorityGrouping
                0x08000510       0x24 Drivers\STM32L4xx_HAL_Driver\Src\stm32l4xx_hal_cortex.o
                0x08000510                HAL_NVIC_SetPriorityGrouping
 .text.HAL_NVIC_SetPriority
                0x08000534       0x68 Drivers\STM32L4xx_HAL_Driver\Src\stm32l4xx_hal_cortex.o
                0x08000534                HAL_NVIC_SetPriority
 .text.HAL_NVIC_EnableIRQ
                0x0800059c       0x18 Drivers\STM32L4xx_HAL_Driver\Src\stm32l4xx_hal_cortex.o
                0x0800059c                HAL_NVIC_EnableIRQ
 .text.HAL_SYSTICK_Config
                0x080005b4       0x2c Drivers\STM32L4xx_HAL_Driver\Src\stm32l4xx_hal_cortex.o
                0x080005b4                HAL_SYSTICK_Config
 .text.HAL_DCMI_Init
                0x080005e0       0x8c Drivers\STM32L4xx_HAL_Driver\Src\stm32l4xx_hal_dcmi.o
                0x080005e0                HAL_DCMI_Init
 .text.DFSDM_GetChannelFromInstance
                0x0800066c       0x58 Drivers\STM32L4xx_HAL_Driver\Src\stm32l4xx_hal_dfsdm.o
 .text.HAL_DFSDM_ChannelInit
                0x080006c4       0xe8 Drivers\STM32L4xx_HAL_Driver\Src\stm32l4xx_hal_dfsdm.o
                0x080006c4                HAL_DFSDM_ChannelInit
 .text.DMA_CalcDMAMUXChannelBaseAndMask
                0x080007ac       0x48 Drivers\STM32L4xx_HAL_Driver\Src\stm32l4xx_hal_dma.o
 .text.HAL_DMA_Init
                0x080007f4       0xe0 Drivers\STM32L4xx_HAL_Driver\Src\stm32l4xx_hal_dma.o
                0x080007f4                HAL_DMA_Init
 .text.HAL_DMA_DeInit
                0x080008d4       0xb0 Drivers\STM32L4xx_HAL_Driver\Src\stm32l4xx_hal_dma.o
                0x080008d4                HAL_DMA_DeInit
 .text.HAL_DMA2D_Init
                0x08000984       0x7a Drivers\STM32L4xx_HAL_Driver\Src\stm32l4xx_hal_dma2d.o
                0x08000984                HAL_DMA2D_Init
 *fill*         0x080009fe        0x2 
 .text.HAL_DMA2D_ConfigLayer
                0x08000a00       0xa4 Drivers\STM32L4xx_HAL_Driver\Src\stm32l4xx_hal_dma2d.o
                0x08000a00                HAL_DMA2D_ConfigLayer
 .text.HAL_DSI_ConfigErrorMonitor
                0x08000aa4       0xca Drivers\STM32L4xx_HAL_Driver\Src\stm32l4xx_hal_dsi.o
                0x08000aa4                HAL_DSI_ConfigErrorMonitor
 *fill*         0x08000b6e        0x2 
 .text.HAL_DSI_Init
                0x08000b70      0x15c Drivers\STM32L4xx_HAL_Driver\Src\stm32l4xx_hal_dsi.o
                0x08000b70                HAL_DSI_Init
 .text.HAL_DSI_SetGenericVCID
                0x08000ccc       0x22 Drivers\STM32L4xx_HAL_Driver\Src\stm32l4xx_hal_dsi.o
                0x08000ccc                HAL_DSI_SetGenericVCID
 .text.HAL_DSI_ConfigAdaptedCommandMode
                0x08000cee       0xe2 Drivers\STM32L4xx_HAL_Driver\Src\stm32l4xx_hal_dsi.o
                0x08000cee                HAL_DSI_ConfigAdaptedCommandMode
 .text.HAL_DSI_ConfigCommand
                0x08000dd0       0x68 Drivers\STM32L4xx_HAL_Driver\Src\stm32l4xx_hal_dsi.o
                0x08000dd0                HAL_DSI_ConfigCommand
 .text.HAL_DSI_ConfigFlowControl
                0x08000e38       0x22 Drivers\STM32L4xx_HAL_Driver\Src\stm32l4xx_hal_dsi.o
                0x08000e38                HAL_DSI_ConfigFlowControl
 .text.HAL_DSI_ConfigPhyTimer
                0x08000e5a       0x78 Drivers\STM32L4xx_HAL_Driver\Src\stm32l4xx_hal_dsi.o
                0x08000e5a                HAL_DSI_ConfigPhyTimer
 *fill*         0x08000ed2        0x2 
 .text.HAL_DSI_ConfigHostTimeouts
                0x08000ed4       0xcc Drivers\STM32L4xx_HAL_Driver\Src\stm32l4xx_hal_dsi.o
                0x08000ed4                HAL_DSI_ConfigHostTimeouts
 .text.HAL_DSI_SetLowPowerRXFilter
                0x08000fa0       0x2c Drivers\STM32L4xx_HAL_Driver\Src\stm32l4xx_hal_dsi.o
                0x08000fa0                HAL_DSI_SetLowPowerRXFilter
 .text.HAL_GFXMMU_Init
                0x08000fcc       0x4e Drivers\STM32L4xx_HAL_Driver\Src\stm32l4xx_hal_gfxmmu.o
                0x08000fcc                HAL_GFXMMU_Init
 .text.HAL_GFXMMU_ConfigLut
                0x0800101a       0x4c Drivers\STM32L4xx_HAL_Driver\Src\stm32l4xx_hal_gfxmmu.o
                0x0800101a                HAL_GFXMMU_ConfigLut
 *fill*         0x08001066        0x2 
 .text.HAL_GPIO_Init
                0x08001068      0x1b0 Drivers\STM32L4xx_HAL_Driver\Src\stm32l4xx_hal_gpio.o
                0x08001068                HAL_GPIO_Init
 .text.HAL_GPIO_WritePin
                0x08001218        0xa Drivers\STM32L4xx_HAL_Driver\Src\stm32l4xx_hal_gpio.o
                0x08001218                HAL_GPIO_WritePin
 .text.HAL_I2C_Init
                0x08001222       0xa2 Drivers\STM32L4xx_HAL_Driver\Src\stm32l4xx_hal_i2c.o
                0x08001222                HAL_I2C_Init
 .text.HAL_I2CEx_ConfigAnalogFilter
                0x080012c4       0x4c Drivers\STM32L4xx_HAL_Driver\Src\stm32l4xx_hal_i2c_ex.o
                0x080012c4                HAL_I2CEx_ConfigAnalogFilter
 .text.HAL_I2CEx_ConfigDigitalFilter
                0x08001310       0x4a Drivers\STM32L4xx_HAL_Driver\Src\stm32l4xx_hal_i2c_ex.o
                0x08001310                HAL_I2CEx_ConfigDigitalFilter
 .text.LTDC_SetConfig
                0x0800135a      0x10c Drivers\STM32L4xx_HAL_Driver\Src\stm32l4xx_hal_ltdc.o
 *fill*         0x08001466        0x2 
 .text.HAL_LTDC_Init
                0x08001468       0xd8 Drivers\STM32L4xx_HAL_Driver\Src\stm32l4xx_hal_ltdc.o
                0x08001468                HAL_LTDC_Init
 .text.HAL_LTDC_ConfigLayer
                0x08001540       0x52 Drivers\STM32L4xx_HAL_Driver\Src\stm32l4xx_hal_ltdc.o
                0x08001540                HAL_LTDC_ConfigLayer
 *fill*         0x08001592        0x2 
 .text.HAL_LTDC_SetPitch
                0x08001594       0x7c Drivers\STM32L4xx_HAL_Driver\Src\stm32l4xx_hal_ltdc.o
                0x08001594                HAL_LTDC_SetPitch
 .text.OSPI_WaitFlagStateUntilTimeout
                0x08001610       0x4c Drivers\STM32L4xx_HAL_Driver\Src\stm32l4xx_hal_ospi.o
 .text.HAL_OSPI_Init
                0x0800165c       0xd0 Drivers\STM32L4xx_HAL_Driver\Src\stm32l4xx_hal_ospi.o
                0x0800165c                HAL_OSPI_Init
 .text.HAL_OSPI_MemoryMapped
                0x0800172c       0x5e Drivers\STM32L4xx_HAL_Driver\Src\stm32l4xx_hal_ospi.o
                0x0800172c                HAL_OSPI_MemoryMapped
 *fill*         0x0800178a        0x2 
 .text.HAL_PWREx_GetVoltageRange
                0x0800178c       0x24 Drivers\STM32L4xx_HAL_Driver\Src\stm32l4xx_hal_pwr_ex.o
                0x0800178c                HAL_PWREx_GetVoltageRange
 .text.HAL_PWREx_ControlVoltageScaling
                0x080017b0       0xb4 Drivers\STM32L4xx_HAL_Driver\Src\stm32l4xx_hal_pwr_ex.o
                0x080017b0                HAL_PWREx_ControlVoltageScaling
 .text.HAL_PWREx_EnableVddIO2
                0x08001864       0x10 Drivers\STM32L4xx_HAL_Driver\Src\stm32l4xx_hal_pwr_ex.o
                0x08001864                HAL_PWREx_EnableVddIO2
 .text.RCC_SetFlashLatencyFromMSIRange
                0x08001874       0x7c Drivers\STM32L4xx_HAL_Driver\Src\stm32l4xx_hal_rcc.o
 .text.HAL_RCC_GetSysClockFreq
                0x080018f0       0xa8 Drivers\STM32L4xx_HAL_Driver\Src\stm32l4xx_hal_rcc.o
                0x080018f0                HAL_RCC_GetSysClockFreq
 .text.HAL_RCC_OscConfig
                0x08001998      0x4a4 Drivers\STM32L4xx_HAL_Driver\Src\stm32l4xx_hal_rcc.o
                0x08001998                HAL_RCC_OscConfig
 .text.HAL_RCC_ClockConfig
                0x08001e3c      0x204 Drivers\STM32L4xx_HAL_Driver\Src\stm32l4xx_hal_rcc.o
                0x08001e3c                HAL_RCC_ClockConfig
 .text.HAL_RCC_GetPCLK1Freq
                0x08002040       0x24 Drivers\STM32L4xx_HAL_Driver\Src\stm32l4xx_hal_rcc.o
                0x08002040                HAL_RCC_GetPCLK1Freq
 .text.HAL_RCC_GetPCLK2Freq
                0x08002064       0x24 Drivers\STM32L4xx_HAL_Driver\Src\stm32l4xx_hal_rcc.o
                0x08002064                HAL_RCC_GetPCLK2Freq
 .text.RCCEx_GetSAIxPeriphCLKFreq
                0x08002088       0xe8 Drivers\STM32L4xx_HAL_Driver\Src\stm32l4xx_hal_rcc_ex.o
 .text.RCCEx_PLLSAI1_Config
                0x08002170      0x110 Drivers\STM32L4xx_HAL_Driver\Src\stm32l4xx_hal_rcc_ex.o
 .text.RCCEx_PLLSAI2_Config
                0x08002280      0x110 Drivers\STM32L4xx_HAL_Driver\Src\stm32l4xx_hal_rcc_ex.o
 .text.HAL_RCCEx_PeriphCLKConfig
                0x08002390      0x4c8 Drivers\STM32L4xx_HAL_Driver\Src\stm32l4xx_hal_rcc_ex.o
                0x08002390                HAL_RCCEx_PeriphCLKConfig
 .text.HAL_RCCEx_GetPeriphCLKFreq
                0x08002858      0x470 Drivers\STM32L4xx_HAL_Driver\Src\stm32l4xx_hal_rcc_ex.o
                0x08002858                HAL_RCCEx_GetPeriphCLKFreq
 .text.HAL_RTC_WaitForSynchro
                0x08002cc8       0x30 Drivers\STM32L4xx_HAL_Driver\Src\stm32l4xx_hal_rtc.o
                0x08002cc8                HAL_RTC_WaitForSynchro
 .text.RTC_EnterInitMode
                0x08002cf8       0x34 Drivers\STM32L4xx_HAL_Driver\Src\stm32l4xx_hal_rtc.o
                0x08002cf8                RTC_EnterInitMode
 .text.HAL_RTC_Init
                0x08002d2c       0xaa Drivers\STM32L4xx_HAL_Driver\Src\stm32l4xx_hal_rtc.o
                0x08002d2c                HAL_RTC_Init
 *fill*         0x08002dd6        0x2 
 .text.SAI_Disable
                0x08002dd8       0x40 Drivers\STM32L4xx_HAL_Driver\Src\stm32l4xx_hal_sai.o
 .text.HAL_SAI_Init
                0x08002e18      0x218 Drivers\STM32L4xx_HAL_Driver\Src\stm32l4xx_hal_sai.o
                0x08002e18                HAL_SAI_Init
 .text.SD_FindSCR
                0x08003030       0xd0 Drivers\STM32L4xx_HAL_Driver\Src\stm32l4xx_hal_sd.o
 .text.HAL_SD_GetCardCSD
                0x08003100      0x16c Drivers\STM32L4xx_HAL_Driver\Src\stm32l4xx_hal_sd.o
                0x08003100                HAL_SD_GetCardCSD
 .text.HAL_SD_InitCard
                0x0800326c      0x278 Drivers\STM32L4xx_HAL_Driver\Src\stm32l4xx_hal_sd.o
                0x0800326c                HAL_SD_InitCard
 .text.HAL_SD_ConfigWideBusOperation
                0x080034e4      0x108 Drivers\STM32L4xx_HAL_Driver\Src\stm32l4xx_hal_sd.o
                0x080034e4                HAL_SD_ConfigWideBusOperation
 .text.HAL_SD_Init
                0x080035ec       0x72 Drivers\STM32L4xx_HAL_Driver\Src\stm32l4xx_hal_sd.o
                0x080035ec                HAL_SD_Init
 .text.HAL_SDEx_DriveTransceiver_1_8V_Callback
                0x0800365e        0x2 Drivers\STM32L4xx_HAL_Driver\Src\stm32l4xx_hal_sd_ex.o
                0x0800365e                HAL_SDEx_DriveTransceiver_1_8V_Callback
 .text.HAL_SDEx_HighSpeed
                0x08003660      0x130 Drivers\STM32L4xx_HAL_Driver\Src\stm32l4xx_hal_sd_ex.o
                0x08003660                HAL_SDEx_HighSpeed
 .text.HAL_SMBUS_Init
                0x08003790       0xc4 Drivers\STM32L4xx_HAL_Driver\Src\stm32l4xx_hal_smbus.o
                0x08003790                HAL_SMBUS_Init
 .text.HAL_SRAM_Init
                0x08003854       0x54 Drivers\STM32L4xx_HAL_Driver\Src\stm32l4xx_hal_sram.o
                0x08003854                HAL_SRAM_Init
 .text.FMC_NORSRAM_Init
                0x080038a8       0xac Drivers\STM32L4xx_HAL_Driver\Src\stm32l4xx_ll_fmc.o
                0x080038a8                FMC_NORSRAM_Init
 .text.FMC_NORSRAM_Timing_Init
                0x08003954       0x54 Drivers\STM32L4xx_HAL_Driver\Src\stm32l4xx_ll_fmc.o
                0x08003954                FMC_NORSRAM_Timing_Init
 .text.FMC_NORSRAM_Extended_Timing_Init
                0x080039a8       0x3e Drivers\STM32L4xx_HAL_Driver\Src\stm32l4xx_ll_fmc.o
                0x080039a8                FMC_NORSRAM_Extended_Timing_Init
 *fill*         0x080039e6        0x2 
 .text.SDMMC_GetCmdResp2
                0x080039e8       0x50 Drivers\STM32L4xx_HAL_Driver\Src\stm32l4xx_ll_sdmmc.o
 .text.SDMMC_GetCmdResp3
                0x08003a38       0x44 Drivers\STM32L4xx_HAL_Driver\Src\stm32l4xx_ll_sdmmc.o
 .text.SDMMC_GetCmdResp1
                0x08003a7c      0x11c Drivers\STM32L4xx_HAL_Driver\Src\stm32l4xx_ll_sdmmc.o
 .text.SDMMC_Init
                0x08003b98       0x34 Drivers\STM32L4xx_HAL_Driver\Src\stm32l4xx_ll_sdmmc.o
                0x08003b98                SDMMC_Init
 .text.SDMMC_ReadFIFO
                0x08003bcc        0x6 Drivers\STM32L4xx_HAL_Driver\Src\stm32l4xx_ll_sdmmc.o
                0x08003bcc                SDMMC_ReadFIFO
 .text.SDMMC_PowerState_ON
                0x08003bd2        0xc Drivers\STM32L4xx_HAL_Driver\Src\stm32l4xx_ll_sdmmc.o
                0x08003bd2                SDMMC_PowerState_ON
 .text.SDMMC_GetPowerState
                0x08003bde        0x8 Drivers\STM32L4xx_HAL_Driver\Src\stm32l4xx_ll_sdmmc.o
                0x08003bde                SDMMC_GetPowerState
 *fill*         0x08003be6        0x2 
 .text.SDMMC_SendCommand
                0x08003be8       0x24 Drivers\STM32L4xx_HAL_Driver\Src\stm32l4xx_ll_sdmmc.o
                0x08003be8                SDMMC_SendCommand
 .text.SDMMC_GetResponse
                0x08003c0c        0x6 Drivers\STM32L4xx_HAL_Driver\Src\stm32l4xx_ll_sdmmc.o
                0x08003c0c                SDMMC_GetResponse
 .text.SDMMC_ConfigData
                0x08003c12       0x24 Drivers\STM32L4xx_HAL_Driver\Src\stm32l4xx_ll_sdmmc.o
                0x08003c12                SDMMC_ConfigData
 .text.SDMMC_CmdBlockLength
                0x08003c36       0x32 Drivers\STM32L4xx_HAL_Driver\Src\stm32l4xx_ll_sdmmc.o
                0x08003c36                SDMMC_CmdBlockLength
 .text.SDMMC_CmdSelDesel
                0x08003c68       0x32 Drivers\STM32L4xx_HAL_Driver\Src\stm32l4xx_ll_sdmmc.o
                0x08003c68                SDMMC_CmdSelDesel
 *fill*         0x08003c9a        0x2 
 .text.SDMMC_CmdGoIdleState
                0x08003c9c       0x54 Drivers\STM32L4xx_HAL_Driver\Src\stm32l4xx_ll_sdmmc.o
                0x08003c9c                SDMMC_CmdGoIdleState
 .text.SDMMC_CmdOperCond
                0x08003cf0       0x7c Drivers\STM32L4xx_HAL_Driver\Src\stm32l4xx_ll_sdmmc.o
                0x08003cf0                SDMMC_CmdOperCond
 .text.SDMMC_CmdAppCommand
                0x08003d6c       0x32 Drivers\STM32L4xx_HAL_Driver\Src\stm32l4xx_ll_sdmmc.o
                0x08003d6c                SDMMC_CmdAppCommand
 .text.SDMMC_CmdAppOperCommand
                0x08003d9e       0x2c Drivers\STM32L4xx_HAL_Driver\Src\stm32l4xx_ll_sdmmc.o
                0x08003d9e                SDMMC_CmdAppOperCommand
 .text.SDMMC_CmdSendSCR
                0x08003dca       0x32 Drivers\STM32L4xx_HAL_Driver\Src\stm32l4xx_ll_sdmmc.o
                0x08003dca                SDMMC_CmdSendSCR
 .text.SDMMC_CmdSendCID
                0x08003dfc       0x2c Drivers\STM32L4xx_HAL_Driver\Src\stm32l4xx_ll_sdmmc.o
                0x08003dfc                SDMMC_CmdSendCID
 .text.SDMMC_CmdSendCSD
                0x08003e28       0x2c Drivers\STM32L4xx_HAL_Driver\Src\stm32l4xx_ll_sdmmc.o
                0x08003e28                SDMMC_CmdSendCSD
 .text.SDMMC_CmdSetRelAdd
                0x08003e54       0xa4 Drivers\STM32L4xx_HAL_Driver\Src\stm32l4xx_ll_sdmmc.o
                0x08003e54                SDMMC_CmdSetRelAdd
 .text.SDMMC_CmdSwitch
                0x08003ef8       0x32 Drivers\STM32L4xx_HAL_Driver\Src\stm32l4xx_ll_sdmmc.o
                0x08003ef8                SDMMC_CmdSwitch
 .text.SDMMC_CmdBusWidth
                0x08003f2a        0x4 Drivers\STM32L4xx_HAL_Driver\Src\stm32l4xx_ll_sdmmc.o
                0x08003f2a                SDMMC_CmdBusWidth
 .text.SDMMC_CmdVoltageSwitch
                0x08003f2e       0x32 Drivers\STM32L4xx_HAL_Driver\Src\stm32l4xx_ll_sdmmc.o
                0x08003f2e                SDMMC_CmdVoltageSwitch
 .text.SystemClock_Config
                0x08003f60       0xcc Src\main.o
                0x08003f60                SystemClock_Config
 .text.startup.main
                0x0800402c      0x50c Src\main.o
                0x0800402c                main
 .text.HAL_MspInit
                0x08004538       0x30 Src\stm32l4xx_hal_msp.o
                0x08004538                HAL_MspInit
 .text.HAL_DCMI_MspInit
                0x08004568      0x140 Src\stm32l4xx_hal_msp.o
                0x08004568                HAL_DCMI_MspInit
 .text.HAL_DMA2D_MspInit
                0x080046a8       0x28 Src\stm32l4xx_hal_msp.o
                0x080046a8                HAL_DMA2D_MspInit
 .text.HAL_DSI_MspInit
                0x080046d0       0x28 Src\stm32l4xx_hal_msp.o
                0x080046d0                HAL_DSI_MspInit
 .text.HAL_GFXMMU_MspInit
                0x080046f8       0x28 Src\stm32l4xx_hal_msp.o
                0x080046f8                HAL_GFXMMU_MspInit
 .text.HAL_I2C_MspInit
                0x08004720       0x6c Src\stm32l4xx_hal_msp.o
                0x08004720                HAL_I2C_MspInit
 .text.HAL_SMBUS_MspInit
                0x0800478c       0x70 Src\stm32l4xx_hal_msp.o
                0x0800478c                HAL_SMBUS_MspInit
 .text.HAL_LTDC_MspInit
                0x080047fc       0x28 Src\stm32l4xx_hal_msp.o
                0x080047fc                HAL_LTDC_MspInit
 .text.HAL_OSPI_MspInit
                0x08004824       0x2c Src\stm32l4xx_hal_msp.o
                0x08004824                HAL_OSPI_MspInit
 .text.HAL_RTC_MspInit
                0x08004850       0x20 Src\stm32l4xx_hal_msp.o
                0x08004850                HAL_RTC_MspInit
 .text.HAL_SD_MspInit
                0x08004870       0x98 Src\stm32l4xx_hal_msp.o
                0x08004870                HAL_SD_MspInit
 .text.HAL_SRAM_MspInit
                0x08004908       0x68 Src\stm32l4xx_hal_msp.o
                0x08004908                HAL_SRAM_MspInit
 .text.NMI_Handler
                0x08004970        0x2 Src\stm32l4xx_it.o
                0x08004970                NMI_Handler
 .text.HardFault_Handler
                0x08004972        0x2 Src\stm32l4xx_it.o
                0x08004972                HardFault_Handler
 .text.MemManage_Handler
                0x08004974        0x2 Src\stm32l4xx_it.o
                0x08004974                MemManage_Handler
 .text.BusFault_Handler
                0x08004976        0x2 Src\stm32l4xx_it.o
                0x08004976                BusFault_Handler
 .text.UsageFault_Handler
                0x08004978        0x2 Src\stm32l4xx_it.o
                0x08004978                UsageFault_Handler
 .text.SVC_Handler
                0x0800497a        0x2 Src\stm32l4xx_it.o
                0x0800497a                SVC_Handler
 .text.DebugMon_Handler
                0x0800497c        0x2 Src\stm32l4xx_it.o
                0x0800497c                DebugMon_Handler
 .text.PendSV_Handler
                0x0800497e        0x2 Src\stm32l4xx_it.o
                0x0800497e                PendSV_Handler
 .text.SysTick_Handler
                0x08004980        0x4 Src\stm32l4xx_it.o
                0x08004980                SysTick_Handler
 .text.SystemInit
                0x08004984       0x48 Src\system_stm32l4xx.o
                0x08004984                SystemInit
 .text.Reset_Handler
                0x080049cc       0x50 startup\startup_stm32l4r9xx.o
                0x080049cc                Reset_Handler
 .text.Default_Handler
                0x08004a1c        0x2 startup\startup_stm32l4r9xx.o
                0x08004a1c                RTC_Alarm_IRQHandler
                0x08004a1c                EXTI2_IRQHandler
                0x08004a1c                TIM8_TRG_COM_IRQHandler
                0x08004a1c                TIM8_CC_IRQHandler
                0x08004a1c                TIM1_CC_IRQHandler
                0x08004a1c                TSC_IRQHandler
                0x08004a1c                TAMP_STAMP_IRQHandler
                0x08004a1c                EXTI3_IRQHandler
                0x08004a1c                LPTIM2_IRQHandler
                0x08004a1c                DFSDM1_FLT1_IRQHandler
                0x08004a1c                GFXMMU_IRQHandler
                0x08004a1c                I2C3_ER_IRQHandler
                0x08004a1c                DFSDM1_FLT2_IRQHandler
                0x08004a1c                EXTI0_IRQHandler
                0x08004a1c                I2C2_EV_IRQHandler
                0x08004a1c                CAN1_RX0_IRQHandler
                0x08004a1c                FPU_IRQHandler
                0x08004a1c                TIM1_UP_TIM16_IRQHandler
                0x08004a1c                LTDC_ER_IRQHandler
                0x08004a1c                SPI1_IRQHandler
                0x08004a1c                OCTOSPI1_IRQHandler
                0x08004a1c                TIM6_DAC_IRQHandler
                0x08004a1c                DCMI_IRQHandler
                0x08004a1c                TIM8_UP_IRQHandler
                0x08004a1c                OCTOSPI2_IRQHandler
                0x08004a1c                DMA2_Channel2_IRQHandler
                0x08004a1c                DMA1_Channel4_IRQHandler
                0x08004a1c                SAI2_IRQHandler
                0x08004a1c                ADC1_IRQHandler
                0x08004a1c                DFSDM1_FLT3_IRQHandler
                0x08004a1c                USART3_IRQHandler
                0x08004a1c                DMA1_Channel7_IRQHandler
                0x08004a1c                CAN1_RX1_IRQHandler
                0x08004a1c                UART5_IRQHandler
                0x08004a1c                TIM4_IRQHandler
                0x08004a1c                DMA2_Channel1_IRQHandler
                0x08004a1c                I2C1_EV_IRQHandler
                0x08004a1c                DMAMUX1_OVR_IRQHandler
                0x08004a1c                DMA1_Channel6_IRQHandler
                0x08004a1c                UART4_IRQHandler
                0x08004a1c                DMA2_Channel4_IRQHandler
                0x08004a1c                TIM3_IRQHandler
                0x08004a1c                RCC_IRQHandler
                0x08004a1c                DMA1_Channel1_IRQHandler
                0x08004a1c                Default_Handler
                0x08004a1c                DMA2_Channel7_IRQHandler
                0x08004a1c                EXTI15_10_IRQHandler
                0x08004a1c                TIM7_IRQHandler
                0x08004a1c                SDMMC1_IRQHandler
                0x08004a1c                TIM5_IRQHandler
                0x08004a1c                I2C3_EV_IRQHandler
                0x08004a1c                EXTI9_5_IRQHandler
                0x08004a1c                RTC_WKUP_IRQHandler
                0x08004a1c                LTDC_IRQHandler
                0x08004a1c                PVD_PVM_IRQHandler
                0x08004a1c                SPI2_IRQHandler
                0x08004a1c                CAN1_TX_IRQHandler
                0x08004a1c                DMA2_Channel5_IRQHandler
                0x08004a1c                CRS_IRQHandler
                0x08004a1c                DMA1_Channel5_IRQHandler
                0x08004a1c                EXTI4_IRQHandler
                0x08004a1c                RNG_IRQHandler
                0x08004a1c                TIM1_TRG_COM_TIM17_IRQHandler
                0x08004a1c                DMA1_Channel3_IRQHandler
                0x08004a1c                COMP_IRQHandler
                0x08004a1c                DSI_IRQHandler
                0x08004a1c                WWDG_IRQHandler
                0x08004a1c                I2C4_EV_IRQHandler
                0x08004a1c                LPUART1_IRQHandler
                0x08004a1c                DMA2_Channel6_IRQHandler
                0x08004a1c                TIM2_IRQHandler
                0x08004a1c                DMA2D_IRQHandler
                0x08004a1c                EXTI1_IRQHandler
                0x08004a1c                USART2_IRQHandler
                0x08004a1c                DFSDM1_FLT0_IRQHandler
                0x08004a1c                I2C2_ER_IRQHandler
                0x08004a1c                DMA1_Channel2_IRQHandler
                0x08004a1c                TIM8_BRK_IRQHandler
                0x08004a1c                CAN1_SCE_IRQHandler
                0x08004a1c                FLASH_IRQHandler
                0x08004a1c                USART1_IRQHandler
                0x08004a1c                OTG_FS_IRQHandler
                0x08004a1c                SPI3_IRQHandler
                0x08004a1c                I2C1_ER_IRQHandler
                0x08004a1c                FMC_IRQHandler
                0x08004a1c                LPTIM1_IRQHandler
                0x08004a1c                I2C4_ER_IRQHandler
                0x08004a1c                SAI1_IRQHandler
                0x08004a1c                DMA2_Channel3_IRQHandler
                0x08004a1c                TIM1_BRK_TIM15_IRQHandler
 *fill*         0x08004a1e        0x2 
 .text.__libc_init_array
                0x08004a20       0x48 c:/program files (x86)/atollic/truestudio for stm32 9.3.0/armtools/bin/../lib/gcc/arm-atollic-eabi/6.3.1/../../../../arm-atollic-eabi/lib/armv7e-m/fpu\libc_nano.a(lib_a-init.o)
                0x08004a20                __libc_init_array
 .text.memset   0x08004a68       0x10 c:/program files (x86)/atollic/truestudio for stm32 9.3.0/armtools/bin/../lib/gcc/arm-atollic-eabi/6.3.1/../../../../arm-atollic-eabi/lib/armv7e-m/fpu\libc_nano.a(lib_a-memset.o)
                0x08004a68                memset
 *(.glue_7)
 .glue_7        0x08004a78        0x0 linker stubs
 *(.glue_7t)
 .glue_7t       0x08004a78        0x0 linker stubs
 *(.eh_frame)
 .eh_frame      0x08004a78        0x0 c:/program files (x86)/atollic/truestudio for stm32 9.3.0/armtools/bin/../lib/gcc/arm-atollic-eabi/6.3.1/armv7e-m/fpu/crtbegin.o
 *(.init)
 .init          0x08004a78        0x4 c:/program files (x86)/atollic/truestudio for stm32 9.3.0/armtools/bin/../lib/gcc/arm-atollic-eabi/6.3.1/armv7e-m/fpu/crti.o
                0x08004a78                _init
 .init          0x08004a7c        0x8 c:/program files (x86)/atollic/truestudio for stm32 9.3.0/armtools/bin/../lib/gcc/arm-atollic-eabi/6.3.1/armv7e-m/fpu/crtn.o
 *(.fini)
 .fini          0x08004a84        0x4 c:/program files (x86)/atollic/truestudio for stm32 9.3.0/armtools/bin/../lib/gcc/arm-atollic-eabi/6.3.1/armv7e-m/fpu/crti.o
                0x08004a84                _fini
 .fini          0x08004a88        0x8 c:/program files (x86)/atollic/truestudio for stm32 9.3.0/armtools/bin/../lib/gcc/arm-atollic-eabi/6.3.1/armv7e-m/fpu/crtn.o
                0x08004a90                . = ALIGN (0x4)
                0x08004a90                _etext = .

.vfp11_veneer   0x08004a90        0x0
 .vfp11_veneer  0x08004a90        0x0 linker stubs

.v4_bx          0x08004a90        0x0
 .v4_bx         0x08004a90        0x0 linker stubs

.iplt           0x08004a90        0x0
 .iplt          0x08004a90        0x0 c:/program files (x86)/atollic/truestudio for stm32 9.3.0/armtools/bin/../lib/gcc/arm-atollic-eabi/6.3.1/armv7e-m/fpu/crtbegin.o

.rodata         0x08004a90       0x48
                0x08004a90                . = ALIGN (0x4)
 *(.rodata)
 *(.rodata*)
 .rodata.AHBPrescTable
                0x08004a90       0x10 Src\system_stm32l4xx.o
                0x08004a90                AHBPrescTable
 .rodata.APBPrescTable
                0x08004aa0        0x8 Src\system_stm32l4xx.o
                0x08004aa0                APBPrescTable
 .rodata.MSIRangeTable
                0x08004aa8       0x30 Src\system_stm32l4xx.o
                0x08004aa8                MSIRangeTable
                0x08004ad8                . = ALIGN (0x4)

.rel.dyn        0x08004ad8        0x0
 .rel.iplt      0x08004ad8        0x0 c:/program files (x86)/atollic/truestudio for stm32 9.3.0/armtools/bin/../lib/gcc/arm-atollic-eabi/6.3.1/armv7e-m/fpu/crtbegin.o

.ARM.extab
 *(.ARM.extab* .gnu.linkonce.armextab.*)

.ARM            0x08004ad8        0x0
                0x08004ad8                __exidx_start = .
 *(.ARM.exidx*)
                0x08004ad8                __exidx_end = .

.preinit_array  0x08004ad8        0x0
                0x08004ad8                PROVIDE (__preinit_array_start, .)
 *(.preinit_array*)
                0x08004ad8                PROVIDE (__preinit_array_end, .)

.init_array     0x08004ad8        0x4
                0x08004ad8                PROVIDE (__init_array_start, .)
 *(SORT(.init_array.*))
 *(.init_array*)
 .init_array    0x08004ad8        0x4 c:/program files (x86)/atollic/truestudio for stm32 9.3.0/armtools/bin/../lib/gcc/arm-atollic-eabi/6.3.1/armv7e-m/fpu/crtbegin.o
                0x08004adc                PROVIDE (__init_array_end, .)

.fini_array     0x08004adc        0x4
                [!provide]                PROVIDE (__fini_array_start, .)
 *(SORT(.fini_array.*))
 *(.fini_array*)
 .fini_array    0x08004adc        0x4 c:/program files (x86)/atollic/truestudio for stm32 9.3.0/armtools/bin/../lib/gcc/arm-atollic-eabi/6.3.1/armv7e-m/fpu/crtbegin.o
                [!provide]                PROVIDE (__fini_array_end, .)
                0x08004ae0                _sidata = LOADADDR (.data)

.data           0x20000000        0x4 load address 0x08004ae0
                0x20000000                . = ALIGN (0x4)
                0x20000000                _sdata = .
 *(.data)
 *(.data*)
 .data.SystemCoreClock
                0x20000000        0x4 Src\system_stm32l4xx.o
                0x20000000                SystemCoreClock
                0x20000004                . = ALIGN (0x4)
                0x20000004                _edata = .

.igot.plt       0x20000004        0x0 load address 0x08004ae4
 .igot.plt      0x20000004        0x0 c:/program files (x86)/atollic/truestudio for stm32 9.3.0/armtools/bin/../lib/gcc/arm-atollic-eabi/6.3.1/armv7e-m/fpu/crtbegin.o
                0x20000004                . = ALIGN (0x4)

.bss            0x20000004    0x94f54 load address 0x08004ae4
                0x20000004                _sbss = .
                0x20000004                __bss_start__ = _sbss
 *(.bss)
 .bss           0x20000004       0x1c c:/program files (x86)/atollic/truestudio for stm32 9.3.0/armtools/bin/../lib/gcc/arm-atollic-eabi/6.3.1/armv7e-m/fpu/crtbegin.o
 *(.bss*)
 .bss.hAudioIn  0x20000020      0x160 Drivers\BSP\STM32L4R9I-Discovery\stm32l4r9i_discovery_audio.o
 .bss.hDmaSaiRx
                0x20000180       0x60 Drivers\BSP\STM32L4R9I-Discovery\stm32l4r9i_discovery_audio.o
 .bss.hDmaSaiTx
                0x200001e0       0x60 Drivers\BSP\STM32L4R9I-Discovery\stm32l4r9i_discovery_audio.o
 .bss.a_dfsdm1ChannelHandle
                0x20000240       0x20 Drivers\STM32L4xx_HAL_Driver\Src\stm32l4xx_hal_dfsdm.o
 .bss.v_dfsdm1ChannelCounter
                0x20000260        0x4 Drivers\STM32L4xx_HAL_Driver\Src\stm32l4xx_hal_dfsdm.o
 .bss.gfxmmu_lut_config
                0x20000264        0x8 Src\main.o
                0x20000264                gfxmmu_lut_config
 .bss.FMC_Initialized
                0x2000026c        0x4 Src\stm32l4xx_hal_msp.o
 *(COMMON)
 COMMON         0x20000270        0x4 Drivers\STM32L4xx_HAL_Driver\Src\stm32l4xx_hal.o
                0x20000270                uwTick
 COMMON         0x20000274    0x94ce4 Src\main.o
                0x20000274                hi2c1
                0x200002c0                hospi1
                0x20000310                image
                0x20094ba0                hsd1
                0x20094c20                hdsi
                0x20094c3c                hgfxmmu
                0x20094c68                hltdc
                0x20094d10                hdcmi
                0x20094d68                hrtc
                0x20094d8c                hdfsdm1_channel0
                0x20094dc4                hdma2d
                0x20094e24                hsram4
                0x20094e74                hsai_BlockA1
                0x20094f08                hsmbus3
                0x20094f58                . = ALIGN (0x4)
                0x20094f58                _ebss = .
                0x20094f58                __bss_end__ = _ebss

._user_heap_stack
                0x20094f58      0x600 load address 0x08004ae4
                0x20094f58                . = ALIGN (0x4)
                0x20094f58                PROVIDE (end, .)
                [!provide]                PROVIDE (_end, .)
                0x20095158                . = (. + _Min_Heap_Size)
 *fill*         0x20094f58      0x200 
                0x20095558                . = (. + _Min_Stack_Size)
 *fill*         0x20095158      0x400 
                0x20095558                . = ALIGN (0x4)

/DISCARD/
 libc.a(*)
 libm.a(*)
 libgcc.a(*)

.ARM.attributes
                0x00000000       0x30
 *(.ARM.attributes)
 .ARM.attributes
                0x00000000       0x22 c:/program files (x86)/atollic/truestudio for stm32 9.3.0/armtools/bin/../lib/gcc/arm-atollic-eabi/6.3.1/armv7e-m/fpu/crti.o
 .ARM.attributes
                0x00000022       0x34 c:/program files (x86)/atollic/truestudio for stm32 9.3.0/armtools/bin/../lib/gcc/arm-atollic-eabi/6.3.1/armv7e-m/fpu/crtbegin.o
 .ARM.attributes
                0x00000056       0x39 Drivers\BSP\STM32L4R9I-Discovery\stm32l4r9i_discovery_audio.o
 .ARM.attributes
                0x0000008f       0x39 Drivers\STM32L4xx_HAL_Driver\Src\stm32l4xx_hal.o
 .ARM.attributes
                0x000000c8       0x39 Drivers\STM32L4xx_HAL_Driver\Src\stm32l4xx_hal_cortex.o
 .ARM.attributes
                0x00000101       0x39 Drivers\STM32L4xx_HAL_Driver\Src\stm32l4xx_hal_dcmi.o
 .ARM.attributes
                0x0000013a       0x39 Drivers\STM32L4xx_HAL_Driver\Src\stm32l4xx_hal_dfsdm.o
 .ARM.attributes
                0x00000173       0x39 Drivers\STM32L4xx_HAL_Driver\Src\stm32l4xx_hal_dma.o
 .ARM.attributes
                0x000001ac       0x39 Drivers\STM32L4xx_HAL_Driver\Src\stm32l4xx_hal_dma2d.o
 .ARM.attributes
                0x000001e5       0x39 Drivers\STM32L4xx_HAL_Driver\Src\stm32l4xx_hal_dsi.o
 .ARM.attributes
                0x0000021e       0x39 Drivers\STM32L4xx_HAL_Driver\Src\stm32l4xx_hal_gfxmmu.o
 .ARM.attributes
                0x00000257       0x39 Drivers\STM32L4xx_HAL_Driver\Src\stm32l4xx_hal_gpio.o
 .ARM.attributes
                0x00000290       0x39 Drivers\STM32L4xx_HAL_Driver\Src\stm32l4xx_hal_i2c.o
 .ARM.attributes
                0x000002c9       0x39 Drivers\STM32L4xx_HAL_Driver\Src\stm32l4xx_hal_i2c_ex.o
 .ARM.attributes
                0x00000302       0x39 Drivers\STM32L4xx_HAL_Driver\Src\stm32l4xx_hal_ltdc.o
 .ARM.attributes
                0x0000033b       0x39 Drivers\STM32L4xx_HAL_Driver\Src\stm32l4xx_hal_ospi.o
 .ARM.attributes
                0x00000374       0x39 Drivers\STM32L4xx_HAL_Driver\Src\stm32l4xx_hal_pwr_ex.o
 .ARM.attributes
                0x000003ad       0x39 Drivers\STM32L4xx_HAL_Driver\Src\stm32l4xx_hal_rcc.o
 .ARM.attributes
                0x000003e6       0x39 Drivers\STM32L4xx_HAL_Driver\Src\stm32l4xx_hal_rcc_ex.o
 .ARM.attributes
                0x0000041f       0x39 Drivers\STM32L4xx_HAL_Driver\Src\stm32l4xx_hal_rtc.o
 .ARM.attributes
                0x00000458       0x39 Drivers\STM32L4xx_HAL_Driver\Src\stm32l4xx_hal_sai.o
 .ARM.attributes
                0x00000491       0x39 Drivers\STM32L4xx_HAL_Driver\Src\stm32l4xx_hal_sd.o
 .ARM.attributes
                0x000004ca       0x39 Drivers\STM32L4xx_HAL_Driver\Src\stm32l4xx_hal_sd_ex.o
 .ARM.attributes
                0x00000503       0x39 Drivers\STM32L4xx_HAL_Driver\Src\stm32l4xx_hal_smbus.o
 .ARM.attributes
                0x0000053c       0x39 Drivers\STM32L4xx_HAL_Driver\Src\stm32l4xx_hal_sram.o
 .ARM.attributes
                0x00000575       0x39 Drivers\STM32L4xx_HAL_Driver\Src\stm32l4xx_ll_fmc.o
 .ARM.attributes
                0x000005ae       0x39 Drivers\STM32L4xx_HAL_Driver\Src\stm32l4xx_ll_sdmmc.o
 .ARM.attributes
                0x000005e7       0x39 Src\main.o
 .ARM.attributes
                0x00000620       0x39 Src\stm32l4xx_hal_msp.o
 .ARM.attributes
                0x00000659       0x39 Src\stm32l4xx_it.o
 .ARM.attributes
                0x00000692       0x39 Src\system_stm32l4xx.o
 .ARM.attributes
                0x000006cb       0x21 startup\startup_stm32l4r9xx.o
 .ARM.attributes
                0x000006ec       0x34 c:/program files (x86)/atollic/truestudio for stm32 9.3.0/armtools/bin/../lib/gcc/arm-atollic-eabi/6.3.1/../../../../arm-atollic-eabi/lib/armv7e-m/fpu\libc_nano.a(lib_a-init.o)
 .ARM.attributes
                0x00000720       0x34 c:/program files (x86)/atollic/truestudio for stm32 9.3.0/armtools/bin/../lib/gcc/arm-atollic-eabi/6.3.1/../../../../arm-atollic-eabi/lib/armv7e-m/fpu\libc_nano.a(lib_a-memset.o)
 .ARM.attributes
                0x00000754       0x22 c:/program files (x86)/atollic/truestudio for stm32 9.3.0/armtools/bin/../lib/gcc/arm-atollic-eabi/6.3.1/armv7e-m/fpu/crtn.o
OUTPUT(kj.elf elf32-littlearm)

.debug_info     0x00000000    0x280cb
 .debug_info    0x00000000     0x359e Drivers\BSP\STM32L4R9I-Discovery\stm32l4r9i_discovery_audio.o
 .debug_info    0x0000359e      0xb73 Drivers\STM32L4xx_HAL_Driver\Src\stm32l4xx_hal.o
 .debug_info    0x00004111      0xf9d Drivers\STM32L4xx_HAL_Driver\Src\stm32l4xx_hal_cortex.o
 .debug_info    0x000050ae     0x10c7 Drivers\STM32L4xx_HAL_Driver\Src\stm32l4xx_hal_dcmi.o
 .debug_info    0x00006175     0x1f06 Drivers\STM32L4xx_HAL_Driver\Src\stm32l4xx_hal_dfsdm.o
 .debug_info    0x0000807b      0xa0a Drivers\STM32L4xx_HAL_Driver\Src\stm32l4xx_hal_dma.o
 .debug_info    0x00008a85     0x11d7 Drivers\STM32L4xx_HAL_Driver\Src\stm32l4xx_hal_dma2d.o
 .debug_info    0x00009c5c     0x1d55 Drivers\STM32L4xx_HAL_Driver\Src\stm32l4xx_hal_dsi.o
 .debug_info    0x0000b9b1      0x7fb Drivers\STM32L4xx_HAL_Driver\Src\stm32l4xx_hal_gfxmmu.o
 .debug_info    0x0000c1ac      0x87c Drivers\STM32L4xx_HAL_Driver\Src\stm32l4xx_hal_gpio.o
 .debug_info    0x0000ca28     0x38c7 Drivers\STM32L4xx_HAL_Driver\Src\stm32l4xx_hal_i2c.o
 .debug_info    0x000102ef      0xb63 Drivers\STM32L4xx_HAL_Driver\Src\stm32l4xx_hal_i2c_ex.o
 .debug_info    0x00010e52     0x1332 Drivers\STM32L4xx_HAL_Driver\Src\stm32l4xx_hal_ltdc.o
 .debug_info    0x00012184     0x1d47 Drivers\STM32L4xx_HAL_Driver\Src\stm32l4xx_hal_ospi.o
 .debug_info    0x00013ecb      0xb5e Drivers\STM32L4xx_HAL_Driver\Src\stm32l4xx_hal_pwr_ex.o
 .debug_info    0x00014a29      0xf5b Drivers\STM32L4xx_HAL_Driver\Src\stm32l4xx_hal_rcc.o
 .debug_info    0x00015984     0x13c1 Drivers\STM32L4xx_HAL_Driver\Src\stm32l4xx_hal_rcc_ex.o
 .debug_info    0x00016d45      0xfe8 Drivers\STM32L4xx_HAL_Driver\Src\stm32l4xx_hal_rtc.o
 .debug_info    0x00017d2d     0x18af Drivers\STM32L4xx_HAL_Driver\Src\stm32l4xx_hal_sai.o
 .debug_info    0x000195dc     0x1f98 Drivers\STM32L4xx_HAL_Driver\Src\stm32l4xx_hal_sd.o
 .debug_info    0x0001b574      0xa44 Drivers\STM32L4xx_HAL_Driver\Src\stm32l4xx_hal_sd_ex.o
 .debug_info    0x0001bfb8     0x1430 Drivers\STM32L4xx_HAL_Driver\Src\stm32l4xx_hal_smbus.o
 .debug_info    0x0001d3e8      0xcd8 Drivers\STM32L4xx_HAL_Driver\Src\stm32l4xx_hal_sram.o
 .debug_info    0x0001e0c0      0x85a Drivers\STM32L4xx_HAL_Driver\Src\stm32l4xx_ll_fmc.o
 .debug_info    0x0001e91a     0x17d5 Drivers\STM32L4xx_HAL_Driver\Src\stm32l4xx_ll_sdmmc.o
 .debug_info    0x000200ef     0x3ed6 Src\main.o
 .debug_info    0x00023fc5     0x38c7 Src\stm32l4xx_hal_msp.o
 .debug_info    0x0002788c      0x1ee Src\stm32l4xx_it.o
 .debug_info    0x00027a7a      0x5e9 Src\system_stm32l4xx.o
 .debug_info    0x00028063       0x68 startup\startup_stm32l4r9xx.o

.debug_abbrev   0x00000000     0x4a57
 .debug_abbrev  0x00000000      0x38b Drivers\BSP\STM32L4R9I-Discovery\stm32l4r9i_discovery_audio.o
 .debug_abbrev  0x0000038b      0x29d Drivers\STM32L4xx_HAL_Driver\Src\stm32l4xx_hal.o
 .debug_abbrev  0x00000628      0x2e6 Drivers\STM32L4xx_HAL_Driver\Src\stm32l4xx_hal_cortex.o
 .debug_abbrev  0x0000090e      0x2ff Drivers\STM32L4xx_HAL_Driver\Src\stm32l4xx_hal_dcmi.o
 .debug_abbrev  0x00000c0d      0x2d0 Drivers\STM32L4xx_HAL_Driver\Src\stm32l4xx_hal_dfsdm.o
 .debug_abbrev  0x00000edd      0x280 Drivers\STM32L4xx_HAL_Driver\Src\stm32l4xx_hal_dma.o
 .debug_abbrev  0x0000115d      0x2f0 Drivers\STM32L4xx_HAL_Driver\Src\stm32l4xx_hal_dma2d.o
 .debug_abbrev  0x0000144d      0x315 Drivers\STM32L4xx_HAL_Driver\Src\stm32l4xx_hal_dsi.o
 .debug_abbrev  0x00001762      0x256 Drivers\STM32L4xx_HAL_Driver\Src\stm32l4xx_hal_gfxmmu.o
 .debug_abbrev  0x000019b8      0x1d7 Drivers\STM32L4xx_HAL_Driver\Src\stm32l4xx_hal_gpio.o
 .debug_abbrev  0x00001b8f      0x351 Drivers\STM32L4xx_HAL_Driver\Src\stm32l4xx_hal_i2c.o
 .debug_abbrev  0x00001ee0      0x1b2 Drivers\STM32L4xx_HAL_Driver\Src\stm32l4xx_hal_i2c_ex.o
 .debug_abbrev  0x00002092      0x26b Drivers\STM32L4xx_HAL_Driver\Src\stm32l4xx_hal_ltdc.o
 .debug_abbrev  0x000022fd      0x351 Drivers\STM32L4xx_HAL_Driver\Src\stm32l4xx_hal_ospi.o
 .debug_abbrev  0x0000264e      0x227 Drivers\STM32L4xx_HAL_Driver\Src\stm32l4xx_hal_pwr_ex.o
 .debug_abbrev  0x00002875      0x2be Drivers\STM32L4xx_HAL_Driver\Src\stm32l4xx_hal_rcc.o
 .debug_abbrev  0x00002b33      0x289 Drivers\STM32L4xx_HAL_Driver\Src\stm32l4xx_hal_rcc_ex.o
 .debug_abbrev  0x00002dbc      0x244 Drivers\STM32L4xx_HAL_Driver\Src\stm32l4xx_hal_rtc.o
 .debug_abbrev  0x00003000      0x338 Drivers\STM32L4xx_HAL_Driver\Src\stm32l4xx_hal_sai.o
 .debug_abbrev  0x00003338      0x328 Drivers\STM32L4xx_HAL_Driver\Src\stm32l4xx_hal_sd.o
 .debug_abbrev  0x00003660      0x2a3 Drivers\STM32L4xx_HAL_Driver\Src\stm32l4xx_hal_sd_ex.o
 .debug_abbrev  0x00003903      0x2f0 Drivers\STM32L4xx_HAL_Driver\Src\stm32l4xx_hal_smbus.o
 .debug_abbrev  0x00003bf3      0x214 Drivers\STM32L4xx_HAL_Driver\Src\stm32l4xx_hal_sram.o
 .debug_abbrev  0x00003e07      0x196 Drivers\STM32L4xx_HAL_Driver\Src\stm32l4xx_ll_fmc.o
 .debug_abbrev  0x00003f9d      0x28e Drivers\STM32L4xx_HAL_Driver\Src\stm32l4xx_ll_sdmmc.o
 .debug_abbrev  0x0000422b      0x304 Src\main.o
 .debug_abbrev  0x0000452f      0x2ed Src\stm32l4xx_hal_msp.o
 .debug_abbrev  0x0000481c       0xfa Src\stm32l4xx_it.o
 .debug_abbrev  0x00004916      0x12f Src\system_stm32l4xx.o
 .debug_abbrev  0x00004a45       0x12 startup\startup_stm32l4r9xx.o

.debug_loc      0x00000000    0x14ac9
 .debug_loc     0x00000000      0x9ff Drivers\BSP\STM32L4R9I-Discovery\stm32l4r9i_discovery_audio.o
 .debug_loc     0x000009ff      0x149 Drivers\STM32L4xx_HAL_Driver\Src\stm32l4xx_hal.o
 .debug_loc     0x00000b48      0x4fb Drivers\STM32L4xx_HAL_Driver\Src\stm32l4xx_hal_cortex.o
 .debug_loc     0x00001043      0x5f3 Drivers\STM32L4xx_HAL_Driver\Src\stm32l4xx_hal_dcmi.o
 .debug_loc     0x00001636     0x18a8 Drivers\STM32L4xx_HAL_Driver\Src\stm32l4xx_hal_dfsdm.o
 .debug_loc     0x00002ede      0x6d7 Drivers\STM32L4xx_HAL_Driver\Src\stm32l4xx_hal_dma.o
 .debug_loc     0x000035b5      0xfc6 Drivers\STM32L4xx_HAL_Driver\Src\stm32l4xx_hal_dma2d.o
 .debug_loc     0x0000457b     0x1dcf Drivers\STM32L4xx_HAL_Driver\Src\stm32l4xx_hal_dsi.o
 .debug_loc     0x0000634a      0x521 Drivers\STM32L4xx_HAL_Driver\Src\stm32l4xx_hal_gfxmmu.o
 .debug_loc     0x0000686b      0x2af Drivers\STM32L4xx_HAL_Driver\Src\stm32l4xx_hal_gpio.o
 .debug_loc     0x00006b1a     0x38e7 Drivers\STM32L4xx_HAL_Driver\Src\stm32l4xx_hal_i2c.o
 .debug_loc     0x0000a401      0x1a0 Drivers\STM32L4xx_HAL_Driver\Src\stm32l4xx_hal_i2c_ex.o
 .debug_loc     0x0000a5a1     0x1179 Drivers\STM32L4xx_HAL_Driver\Src\stm32l4xx_hal_ltdc.o
 .debug_loc     0x0000b71a     0x14ab Drivers\STM32L4xx_HAL_Driver\Src\stm32l4xx_hal_ospi.o
 .debug_loc     0x0000cbc5      0x6ad Drivers\STM32L4xx_HAL_Driver\Src\stm32l4xx_hal_pwr_ex.o
 .debug_loc     0x0000d272      0x75a Drivers\STM32L4xx_HAL_Driver\Src\stm32l4xx_hal_rcc.o
 .debug_loc     0x0000d9cc      0xf87 Drivers\STM32L4xx_HAL_Driver\Src\stm32l4xx_hal_rcc_ex.o
 .debug_loc     0x0000e953      0x737 Drivers\STM32L4xx_HAL_Driver\Src\stm32l4xx_hal_rtc.o
 .debug_loc     0x0000f08a     0x1316 Drivers\STM32L4xx_HAL_Driver\Src\stm32l4xx_hal_sai.o
 .debug_loc     0x000103a0     0x1751 Drivers\STM32L4xx_HAL_Driver\Src\stm32l4xx_hal_sd.o
 .debug_loc     0x00011af1      0x4fc Drivers\STM32L4xx_HAL_Driver\Src\stm32l4xx_hal_sd_ex.o
 .debug_loc     0x00011fed     0x10a6 Drivers\STM32L4xx_HAL_Driver\Src\stm32l4xx_hal_smbus.o
 .debug_loc     0x00013093      0x761 Drivers\STM32L4xx_HAL_Driver\Src\stm32l4xx_hal_sram.o
 .debug_loc     0x000137f4      0x38e Drivers\STM32L4xx_HAL_Driver\Src\stm32l4xx_ll_fmc.o
 .debug_loc     0x00013b82      0xb8f Drivers\STM32L4xx_HAL_Driver\Src\stm32l4xx_ll_sdmmc.o
 .debug_loc     0x00014711      0x1fa Src\stm32l4xx_hal_msp.o
 .debug_loc     0x0001490b      0x1be Src\system_stm32l4xx.o

.debug_aranges  0x00000000     0x18d0
 .debug_aranges
                0x00000000      0x160 Drivers\BSP\STM32L4R9I-Discovery\stm32l4r9i_discovery_audio.o
 .debug_aranges
                0x00000160      0x108 Drivers\STM32L4xx_HAL_Driver\Src\stm32l4xx_hal.o
 .debug_aranges
                0x00000268       0xa8 Drivers\STM32L4xx_HAL_Driver\Src\stm32l4xx_hal_cortex.o
 .debug_aranges
                0x00000310       0xa0 Drivers\STM32L4xx_HAL_Driver\Src\stm32l4xx_hal_dcmi.o
 .debug_aranges
                0x000003b0      0x1f0 Drivers\STM32L4xx_HAL_Driver\Src\stm32l4xx_hal_dfsdm.o
 .debug_aranges
                0x000005a0       0x88 Drivers\STM32L4xx_HAL_Driver\Src\stm32l4xx_hal_dma.o
 .debug_aranges
                0x00000628       0xf0 Drivers\STM32L4xx_HAL_Driver\Src\stm32l4xx_hal_dma2d.o
 .debug_aranges
                0x00000718      0x148 Drivers\STM32L4xx_HAL_Driver\Src\stm32l4xx_hal_dsi.o
 .debug_aranges
                0x00000860       0x68 Drivers\STM32L4xx_HAL_Driver\Src\stm32l4xx_hal_gfxmmu.o
 .debug_aranges
                0x000008c8       0x58 Drivers\STM32L4xx_HAL_Driver\Src\stm32l4xx_hal_gpio.o
 .debug_aranges
                0x00000920      0x238 Drivers\STM32L4xx_HAL_Driver\Src\stm32l4xx_hal_i2c.o
 .debug_aranges
                0x00000b58       0x48 Drivers\STM32L4xx_HAL_Driver\Src\stm32l4xx_hal_i2c_ex.o
 .debug_aranges
                0x00000ba0      0x138 Drivers\STM32L4xx_HAL_Driver\Src\stm32l4xx_hal_ltdc.o
 .debug_aranges
                0x00000cd8      0x110 Drivers\STM32L4xx_HAL_Driver\Src\stm32l4xx_hal_ospi.o
 .debug_aranges
                0x00000de8      0x150 Drivers\STM32L4xx_HAL_Driver\Src\stm32l4xx_hal_pwr_ex.o
 .debug_aranges
                0x00000f38       0x88 Drivers\STM32L4xx_HAL_Driver\Src\stm32l4xx_hal_rcc.o
 .debug_aranges
                0x00000fc0       0xf0 Drivers\STM32L4xx_HAL_Driver\Src\stm32l4xx_hal_rcc_ex.o
 .debug_aranges
                0x000010b0       0xa8 Drivers\STM32L4xx_HAL_Driver\Src\stm32l4xx_hal_rtc.o
 .debug_aranges
                0x00001158      0x148 Drivers\STM32L4xx_HAL_Driver\Src\stm32l4xx_hal_sai.o
 .debug_aranges
                0x000012a0       0xd0 Drivers\STM32L4xx_HAL_Driver\Src\stm32l4xx_hal_sd.o
 .debug_aranges
                0x00001370       0x50 Drivers\STM32L4xx_HAL_Driver\Src\stm32l4xx_hal_sd_ex.o
 .debug_aranges
                0x000013c0       0xf0 Drivers\STM32L4xx_HAL_Driver\Src\stm32l4xx_hal_smbus.o
 .debug_aranges
                0x000014b0       0x88 Drivers\STM32L4xx_HAL_Driver\Src\stm32l4xx_hal_sram.o
 .debug_aranges
                0x00001538       0x80 Drivers\STM32L4xx_HAL_Driver\Src\stm32l4xx_ll_fmc.o
 .debug_aranges
                0x000015b8      0x160 Drivers\STM32L4xx_HAL_Driver\Src\stm32l4xx_ll_sdmmc.o
 .debug_aranges
                0x00001718       0x30 Src\main.o
 .debug_aranges
                0x00001748       0xf0 Src\stm32l4xx_hal_msp.o
 .debug_aranges
                0x00001838       0x48 Src\stm32l4xx_it.o
 .debug_aranges
                0x00001880       0x28 Src\system_stm32l4xx.o
 .debug_aranges
                0x000018a8       0x28 startup\startup_stm32l4r9xx.o

.debug_ranges   0x00000000     0x2070
 .debug_ranges  0x00000000      0x238 Drivers\BSP\STM32L4R9I-Discovery\stm32l4r9i_discovery_audio.o
 .debug_ranges  0x00000238       0xf8 Drivers\STM32L4xx_HAL_Driver\Src\stm32l4xx_hal.o
 .debug_ranges  0x00000330      0x138 Drivers\STM32L4xx_HAL_Driver\Src\stm32l4xx_hal_cortex.o
 .debug_ranges  0x00000468       0xb8 Drivers\STM32L4xx_HAL_Driver\Src\stm32l4xx_hal_dcmi.o
 .debug_ranges  0x00000520      0x248 Drivers\STM32L4xx_HAL_Driver\Src\stm32l4xx_hal_dfsdm.o
 .debug_ranges  0x00000768       0x90 Drivers\STM32L4xx_HAL_Driver\Src\stm32l4xx_hal_dma.o
 .debug_ranges  0x000007f8       0xe0 Drivers\STM32L4xx_HAL_Driver\Src\stm32l4xx_hal_dma2d.o
 .debug_ranges  0x000008d8      0x1e8 Drivers\STM32L4xx_HAL_Driver\Src\stm32l4xx_hal_dsi.o
 .debug_ranges  0x00000ac0       0xa0 Drivers\STM32L4xx_HAL_Driver\Src\stm32l4xx_hal_gfxmmu.o
 .debug_ranges  0x00000b60       0x68 Drivers\STM32L4xx_HAL_Driver\Src\stm32l4xx_hal_gpio.o
 .debug_ranges  0x00000bc8      0x270 Drivers\STM32L4xx_HAL_Driver\Src\stm32l4xx_hal_i2c.o
 .debug_ranges  0x00000e38       0x68 Drivers\STM32L4xx_HAL_Driver\Src\stm32l4xx_hal_i2c_ex.o
 .debug_ranges  0x00000ea0      0x128 Drivers\STM32L4xx_HAL_Driver\Src\stm32l4xx_hal_ltdc.o
 .debug_ranges  0x00000fc8      0x120 Drivers\STM32L4xx_HAL_Driver\Src\stm32l4xx_hal_ospi.o
 .debug_ranges  0x000010e8      0x140 Drivers\STM32L4xx_HAL_Driver\Src\stm32l4xx_hal_pwr_ex.o
 .debug_ranges  0x00001228       0xa8 Drivers\STM32L4xx_HAL_Driver\Src\stm32l4xx_hal_rcc.o
 .debug_ranges  0x000012d0      0x120 Drivers\STM32L4xx_HAL_Driver\Src\stm32l4xx_hal_rcc_ex.o
 .debug_ranges  0x000013f0       0x98 Drivers\STM32L4xx_HAL_Driver\Src\stm32l4xx_hal_rtc.o
 .debug_ranges  0x00001488      0x200 Drivers\STM32L4xx_HAL_Driver\Src\stm32l4xx_hal_sai.o
 .debug_ranges  0x00001688      0x1a0 Drivers\STM32L4xx_HAL_Driver\Src\stm32l4xx_hal_sd.o
 .debug_ranges  0x00001828       0x40 Drivers\STM32L4xx_HAL_Driver\Src\stm32l4xx_hal_sd_ex.o
 .debug_ranges  0x00001868      0x1c0 Drivers\STM32L4xx_HAL_Driver\Src\stm32l4xx_hal_smbus.o
 .debug_ranges  0x00001a28       0x78 Drivers\STM32L4xx_HAL_Driver\Src\stm32l4xx_hal_sram.o
 .debug_ranges  0x00001aa0       0x70 Drivers\STM32L4xx_HAL_Driver\Src\stm32l4xx_ll_fmc.o
 .debug_ranges  0x00001b10      0x1c8 Drivers\STM32L4xx_HAL_Driver\Src\stm32l4xx_ll_sdmmc.o
 .debug_ranges  0x00001cd8      0x158 Src\main.o
 .debug_ranges  0x00001e30      0x1d0 Src\stm32l4xx_hal_msp.o
 .debug_ranges  0x00002000       0x38 Src\stm32l4xx_it.o
 .debug_ranges  0x00002038       0x18 Src\system_stm32l4xx.o
 .debug_ranges  0x00002050       0x20 startup\startup_stm32l4r9xx.o

.debug_line     0x00000000     0xd9b3
 .debug_line    0x00000000      0xfd3 Drivers\BSP\STM32L4R9I-Discovery\stm32l4r9i_discovery_audio.o
 .debug_line    0x00000fd3      0x44d Drivers\STM32L4xx_HAL_Driver\Src\stm32l4xx_hal.o
 .debug_line    0x00001420      0x451 Drivers\STM32L4xx_HAL_Driver\Src\stm32l4xx_hal_cortex.o
 .debug_line    0x00001871      0x58a Drivers\STM32L4xx_HAL_Driver\Src\stm32l4xx_hal_dcmi.o
 .debug_line    0x00001dfb      0xae5 Drivers\STM32L4xx_HAL_Driver\Src\stm32l4xx_hal_dfsdm.o
 .debug_line    0x000028e0      0x50e Drivers\STM32L4xx_HAL_Driver\Src\stm32l4xx_hal_dma.o
 .debug_line    0x00002dee      0x7a7 Drivers\STM32L4xx_HAL_Driver\Src\stm32l4xx_hal_dma2d.o
 .debug_line    0x00003595      0xdb9 Drivers\STM32L4xx_HAL_Driver\Src\stm32l4xx_hal_dsi.o
 .debug_line    0x0000434e      0x3a0 Drivers\STM32L4xx_HAL_Driver\Src\stm32l4xx_hal_gfxmmu.o
 .debug_line    0x000046ee      0x3e7 Drivers\STM32L4xx_HAL_Driver\Src\stm32l4xx_hal_gpio.o
 .debug_line    0x00004ad5     0x1932 Drivers\STM32L4xx_HAL_Driver\Src\stm32l4xx_hal_i2c.o
 .debug_line    0x00006407      0x36d Drivers\STM32L4xx_HAL_Driver\Src\stm32l4xx_hal_i2c_ex.o
 .debug_line    0x00006774      0xc00 Drivers\STM32L4xx_HAL_Driver\Src\stm32l4xx_hal_ltdc.o
 .debug_line    0x00007374      0x8ad Drivers\STM32L4xx_HAL_Driver\Src\stm32l4xx_hal_ospi.o
 .debug_line    0x00007c21      0x622 Drivers\STM32L4xx_HAL_Driver\Src\stm32l4xx_hal_pwr_ex.o
 .debug_line    0x00008243      0x609 Drivers\STM32L4xx_HAL_Driver\Src\stm32l4xx_hal_rcc.o
 .debug_line    0x0000884c      0x845 Drivers\STM32L4xx_HAL_Driver\Src\stm32l4xx_hal_rcc_ex.o
 .debug_line    0x00009091      0x641 Drivers\STM32L4xx_HAL_Driver\Src\stm32l4xx_hal_rtc.o
 .debug_line    0x000096d2      0xaec Drivers\STM32L4xx_HAL_Driver\Src\stm32l4xx_hal_sai.o
 .debug_line    0x0000a1be      0x9af Drivers\STM32L4xx_HAL_Driver\Src\stm32l4xx_hal_sd.o
 .debug_line    0x0000ab6d      0x3dc Drivers\STM32L4xx_HAL_Driver\Src\stm32l4xx_hal_sd_ex.o
 .debug_line    0x0000af49      0x917 Drivers\STM32L4xx_HAL_Driver\Src\stm32l4xx_hal_smbus.o
 .debug_line    0x0000b860      0x4f0 Drivers\STM32L4xx_HAL_Driver\Src\stm32l4xx_hal_sram.o
 .debug_line    0x0000bd50      0x381 Drivers\STM32L4xx_HAL_Driver\Src\stm32l4xx_ll_fmc.o
 .debug_line    0x0000c0d1      0x70f Drivers\STM32L4xx_HAL_Driver\Src\stm32l4xx_ll_sdmmc.o
 .debug_line    0x0000c7e0      0x646 Src\main.o
 .debug_line    0x0000ce26      0x6a9 Src\stm32l4xx_hal_msp.o
 .debug_line    0x0000d4cf      0x21d Src\stm32l4xx_it.o
 .debug_line    0x0000d6ec      0x248 Src\system_stm32l4xx.o
 .debug_line    0x0000d934       0x7f startup\startup_stm32l4r9xx.o

.debug_str      0x00000000     0x9ced
 .debug_str     0x00000000     0x2252 Drivers\BSP\STM32L4R9I-Discovery\stm32l4r9i_discovery_audio.o
                               0x24e0 (size before relaxing)
 .debug_str     0x00002252      0x3f4 Drivers\STM32L4xx_HAL_Driver\Src\stm32l4xx_hal.o
                                0xd0e (size before relaxing)
 .debug_str     0x00002646      0x39c Drivers\STM32L4xx_HAL_Driver\Src\stm32l4xx_hal_cortex.o
                                0xccb (size before relaxing)
 .debug_str     0x000029e2      0x524 Drivers\STM32L4xx_HAL_Driver\Src\stm32l4xx_hal_dcmi.o
                                0xc00 (size before relaxing)
 .debug_str     0x00002f06      0x765 Drivers\STM32L4xx_HAL_Driver\Src\stm32l4xx_hal_dfsdm.o
                               0x1407 (size before relaxing)
 .debug_str     0x0000366b      0x273 Drivers\STM32L4xx_HAL_Driver\Src\stm32l4xx_hal_dma.o
                                0x811 (size before relaxing)
 .debug_str     0x000038de      0x557 Drivers\STM32L4xx_HAL_Driver\Src\stm32l4xx_hal_dma2d.o
                                0x9d6 (size before relaxing)
 .debug_str     0x00003e35      0xbe5 Drivers\STM32L4xx_HAL_Driver\Src\stm32l4xx_hal_dsi.o
                               0x10d6 (size before relaxing)
 .debug_str     0x00004a1a      0x344 Drivers\STM32L4xx_HAL_Driver\Src\stm32l4xx_hal_gfxmmu.o
                                0x62e (size before relaxing)
 .debug_str     0x00004d5e      0x11f Drivers\STM32L4xx_HAL_Driver\Src\stm32l4xx_hal_gpio.o
                                0x5cb (size before relaxing)
 .debug_str     0x00004e7d      0xaf3 Drivers\STM32L4xx_HAL_Driver\Src\stm32l4xx_hal_i2c.o
                               0x10e9 (size before relaxing)
 .debug_str     0x00005970       0xf3 Drivers\STM32L4xx_HAL_Driver\Src\stm32l4xx_hal_i2c_ex.o
                                0xa73 (size before relaxing)
 .debug_str     0x00005a63      0x6d3 Drivers\STM32L4xx_HAL_Driver\Src\stm32l4xx_hal_ltdc.o
                                0xa32 (size before relaxing)
 .debug_str     0x00006136      0x7d7 Drivers\STM32L4xx_HAL_Driver\Src\stm32l4xx_hal_ospi.o
                                0xe64 (size before relaxing)
 .debug_str     0x0000690d      0x5d8 Drivers\STM32L4xx_HAL_Driver\Src\stm32l4xx_hal_pwr_ex.o
                                0x8f6 (size before relaxing)
 .debug_str     0x00006ee5      0x3b9 Drivers\STM32L4xx_HAL_Driver\Src\stm32l4xx_hal_rcc.o
                                0x8d4 (size before relaxing)
 .debug_str     0x0000729e      0x498 Drivers\STM32L4xx_HAL_Driver\Src\stm32l4xx_hal_rcc_ex.o
                                0xda6 (size before relaxing)
 .debug_str     0x00007736      0x4fd Drivers\STM32L4xx_HAL_Driver\Src\stm32l4xx_hal_rtc.o
                                0x84b (size before relaxing)
 .debug_str     0x00007c33      0x2d9 Drivers\STM32L4xx_HAL_Driver\Src\stm32l4xx_hal_sai.o
                                0xcf2 (size before relaxing)
 .debug_str     0x00007f0c      0xd1e Drivers\STM32L4xx_HAL_Driver\Src\stm32l4xx_hal_sd.o
                               0x1080 (size before relaxing)
 .debug_str     0x00008c2a      0x16e Drivers\STM32L4xx_HAL_Driver\Src\stm32l4xx_hal_sd_ex.o
                                0x8a2 (size before relaxing)
 .debug_str     0x00008d98      0x41d Drivers\STM32L4xx_HAL_Driver\Src\stm32l4xx_hal_smbus.o
                                0x8a3 (size before relaxing)
 .debug_str     0x000091b5      0x4a6 Drivers\STM32L4xx_HAL_Driver\Src\stm32l4xx_hal_sram.o
                                0xa1c (size before relaxing)
 .debug_str     0x0000965b      0x1b4 Drivers\STM32L4xx_HAL_Driver\Src\stm32l4xx_ll_fmc.o
                                0x69a (size before relaxing)
 .debug_str     0x0000980f      0x214 Drivers\STM32L4xx_HAL_Driver\Src\stm32l4xx_ll_sdmmc.o
                                0x88c (size before relaxing)
 .debug_str     0x00009a23      0x17e Src\main.o
                               0x2ce0 (size before relaxing)
 .debug_str     0x00009ba1       0x6b Src\stm32l4xx_hal_msp.o
                               0x23a7 (size before relaxing)
 .debug_str     0x00009c0c       0xa6 Src\stm32l4xx_it.o
                                0x2bb (size before relaxing)
 .debug_str     0x00009cb2       0x3b Src\system_stm32l4xx.o
                                0x418 (size before relaxing)

.comment        0x00000000       0x7c
 .comment       0x00000000       0x7c Drivers\BSP\STM32L4R9I-Discovery\stm32l4r9i_discovery_audio.o
                                 0x7d (size before relaxing)
 .comment       0x0000007c       0x7d Drivers\STM32L4xx_HAL_Driver\Src\stm32l4xx_hal.o
 .comment       0x0000007c       0x7d Drivers\STM32L4xx_HAL_Driver\Src\stm32l4xx_hal_cortex.o
 .comment       0x0000007c       0x7d Drivers\STM32L4xx_HAL_Driver\Src\stm32l4xx_hal_dcmi.o
 .comment       0x0000007c       0x7d Drivers\STM32L4xx_HAL_Driver\Src\stm32l4xx_hal_dfsdm.o
 .comment       0x0000007c       0x7d Drivers\STM32L4xx_HAL_Driver\Src\stm32l4xx_hal_dma.o
 .comment       0x0000007c       0x7d Drivers\STM32L4xx_HAL_Driver\Src\stm32l4xx_hal_dma2d.o
 .comment       0x0000007c       0x7d Drivers\STM32L4xx_HAL_Driver\Src\stm32l4xx_hal_dsi.o
 .comment       0x0000007c       0x7d Drivers\STM32L4xx_HAL_Driver\Src\stm32l4xx_hal_gfxmmu.o
 .comment       0x0000007c       0x7d Drivers\STM32L4xx_HAL_Driver\Src\stm32l4xx_hal_gpio.o
 .comment       0x0000007c       0x7d Drivers\STM32L4xx_HAL_Driver\Src\stm32l4xx_hal_i2c.o
 .comment       0x0000007c       0x7d Drivers\STM32L4xx_HAL_Driver\Src\stm32l4xx_hal_i2c_ex.o
 .comment       0x0000007c       0x7d Drivers\STM32L4xx_HAL_Driver\Src\stm32l4xx_hal_ltdc.o
 .comment       0x0000007c       0x7d Drivers\STM32L4xx_HAL_Driver\Src\stm32l4xx_hal_ospi.o
 .comment       0x0000007c       0x7d Drivers\STM32L4xx_HAL_Driver\Src\stm32l4xx_hal_pwr_ex.o
 .comment       0x0000007c       0x7d Drivers\STM32L4xx_HAL_Driver\Src\stm32l4xx_hal_rcc.o
 .comment       0x0000007c       0x7d Drivers\STM32L4xx_HAL_Driver\Src\stm32l4xx_hal_rcc_ex.o
 .comment       0x0000007c       0x7d Drivers\STM32L4xx_HAL_Driver\Src\stm32l4xx_hal_rtc.o
 .comment       0x0000007c       0x7d Drivers\STM32L4xx_HAL_Driver\Src\stm32l4xx_hal_sai.o
 .comment       0x0000007c       0x7d Drivers\STM32L4xx_HAL_Driver\Src\stm32l4xx_hal_sd.o
 .comment       0x0000007c       0x7d Drivers\STM32L4xx_HAL_Driver\Src\stm32l4xx_hal_sd_ex.o
 .comment       0x0000007c       0x7d Drivers\STM32L4xx_HAL_Driver\Src\stm32l4xx_hal_smbus.o
 .comment       0x0000007c       0x7d Drivers\STM32L4xx_HAL_Driver\Src\stm32l4xx_hal_sram.o
 .comment       0x0000007c       0x7d Drivers\STM32L4xx_HAL_Driver\Src\stm32l4xx_ll_fmc.o
 .comment       0x0000007c       0x7d Drivers\STM32L4xx_HAL_Driver\Src\stm32l4xx_ll_sdmmc.o
 .comment       0x0000007c       0x7d Src\main.o
 .comment       0x0000007c       0x7d Src\stm32l4xx_hal_msp.o
 .comment       0x0000007c       0x7d Src\stm32l4xx_it.o
 .comment       0x0000007c       0x7d Src\system_stm32l4xx.o

.debug_frame    0x00000000     0x4b1c
 .debug_frame   0x00000000      0x46c Drivers\BSP\STM32L4R9I-Discovery\stm32l4r9i_discovery_audio.o
 .debug_frame   0x0000046c      0x244 Drivers\STM32L4xx_HAL_Driver\Src\stm32l4xx_hal.o
 .debug_frame   0x000006b0      0x158 Drivers\STM32L4xx_HAL_Driver\Src\stm32l4xx_hal_cortex.o
 .debug_frame   0x00000808      0x1f0 Drivers\STM32L4xx_HAL_Driver\Src\stm32l4xx_hal_dcmi.o
 .debug_frame   0x000009f8      0x5f0 Drivers\STM32L4xx_HAL_Driver\Src\stm32l4xx_hal_dfsdm.o
 .debug_frame   0x00000fe8      0x170 Drivers\STM32L4xx_HAL_Driver\Src\stm32l4xx_hal_dma.o
 .debug_frame   0x00001158      0x2fc Drivers\STM32L4xx_HAL_Driver\Src\stm32l4xx_hal_dma2d.o
 .debug_frame   0x00001454      0x3d4 Drivers\STM32L4xx_HAL_Driver\Src\stm32l4xx_hal_dsi.o
 .debug_frame   0x00001828      0x104 Drivers\STM32L4xx_HAL_Driver\Src\stm32l4xx_hal_gfxmmu.o
 .debug_frame   0x0000192c       0xd4 Drivers\STM32L4xx_HAL_Driver\Src\stm32l4xx_hal_gpio.o
 .debug_frame   0x00001a00      0x8d8 Drivers\STM32L4xx_HAL_Driver\Src\stm32l4xx_hal_i2c.o
 .debug_frame   0x000022d8       0x90 Drivers\STM32L4xx_HAL_Driver\Src\stm32l4xx_hal_i2c_ex.o
 .debug_frame   0x00002368      0x39c Drivers\STM32L4xx_HAL_Driver\Src\stm32l4xx_hal_ltdc.o
 .debug_frame   0x00002704      0x438 Drivers\STM32L4xx_HAL_Driver\Src\stm32l4xx_hal_ospi.o
 .debug_frame   0x00002b3c      0x2b8 Drivers\STM32L4xx_HAL_Driver\Src\stm32l4xx_hal_pwr_ex.o
 .debug_frame   0x00002df4      0x168 Drivers\STM32L4xx_HAL_Driver\Src\stm32l4xx_hal_rcc.o
 .debug_frame   0x00002f5c      0x2a0 Drivers\STM32L4xx_HAL_Driver\Src\stm32l4xx_hal_rcc_ex.o
 .debug_frame   0x000031fc      0x20c Drivers\STM32L4xx_HAL_Driver\Src\stm32l4xx_hal_rtc.o
 .debug_frame   0x00003408      0x440 Drivers\STM32L4xx_HAL_Driver\Src\stm32l4xx_hal_sai.o
 .debug_frame   0x00003848      0x33c Drivers\STM32L4xx_HAL_Driver\Src\stm32l4xx_hal_sd.o
 .debug_frame   0x00003b84      0x100 Drivers\STM32L4xx_HAL_Driver\Src\stm32l4xx_hal_sd_ex.o
 .debug_frame   0x00003c84      0x340 Drivers\STM32L4xx_HAL_Driver\Src\stm32l4xx_hal_smbus.o
 .debug_frame   0x00003fc4      0x1a8 Drivers\STM32L4xx_HAL_Driver\Src\stm32l4xx_hal_sram.o
 .debug_frame   0x0000416c      0x128 Drivers\STM32L4xx_HAL_Driver\Src\stm32l4xx_ll_fmc.o
 .debug_frame   0x00004294      0x470 Drivers\STM32L4xx_HAL_Driver\Src\stm32l4xx_ll_sdmmc.o
 .debug_frame   0x00004704       0x68 Src\main.o
 .debug_frame   0x0000476c      0x28c Src\stm32l4xx_hal_msp.o
 .debug_frame   0x000049f8       0xa0 Src\stm32l4xx_it.o
 .debug_frame   0x00004a98       0x38 Src\system_stm32l4xx.o
 .debug_frame   0x00004ad0       0x2c c:/program files (x86)/atollic/truestudio for stm32 9.3.0/armtools/bin/../lib/gcc/arm-atollic-eabi/6.3.1/../../../../arm-atollic-eabi/lib/armv7e-m/fpu\libc_nano.a(lib_a-init.o)
 .debug_frame   0x00004afc       0x20 c:/program files (x86)/atollic/truestudio for stm32 9.3.0/armtools/bin/../lib/gcc/arm-atollic-eabi/6.3.1/../../../../arm-atollic-eabi/lib/armv7e-m/fpu\libc_nano.a(lib_a-memset.o)
