stm32l4r9i_discovery_sd.c:181:9:BSP_SD_ITConfig	8	static
stm32l4r9i_discovery_sd.c:204:9:BSP_SD_IsDetected	16	static
stm32l4r9i_discovery_sd.c:238:9:BSP_SD_ReadBlocks	16	static
stm32l4r9i_discovery_sd.c:262:9:BSP_SD_WriteBlocks	16	static
stm32l4r9i_discovery_sd.c:285:9:BSP_SD_ReadBlocks_DMA	8	static
stm32l4r9i_discovery_sd.c:309:9:BSP_SD_WriteBlocks_DMA	8	static
stm32l4r9i_discovery_sd.c:332:9:BSP_SD_Erase	8	static
stm32l4r9i_discovery_sd.c:355:9:BSP_SD_GetCardState	8	static
stm32l4r9i_discovery_sd.c:365:6:BSP_SD_GetCardInfo	0	static
stm32l4r9i_discovery_sd.c:376:13:BSP_SD_MspInit	264	static
stm32l4r9i_discovery_sd.c:115:9:BSP_SD_Init	16	static
stm32l4r9i_discovery_sd.c:433:13:BSP_SD_MspDeInit	40	static
stm32l4r9i_discovery_sd.c:156:9:BSP_SD_DeInit	16	static
stm32l4r9i_discovery_sd.c:466:13:BSP_SD_AbortCallback	0	static
stm32l4r9i_discovery_sd.c:475:13:BSP_SD_WriteCpltCallback	0	static
stm32l4r9i_discovery_sd.c:484:13:BSP_SD_ReadCpltCallback	0	static
stm32l4r9i_discovery_sd.c:494:6:HAL_SD_AbortCallback	8	static
stm32l4r9i_discovery_sd.c:504:6:HAL_SD_TxCpltCallback	8	static
stm32l4r9i_discovery_sd.c:514:6:HAL_SD_RxCpltCallback	8	static
