stm32l4r9i_discovery_lcd.c:1941:13:LL_FillBuffer	40	static
stm32l4r9i_discovery_lcd.c:647:10:BSP_LCD_GetXSize	0	static
stm32l4r9i_discovery_lcd.c:656:10:BSP_LCD_GetYSize	0	static
stm32l4r9i_discovery_lcd.c:667:9:BSP_LCD_SelectLayer	0	static
stm32l4r9i_discovery_lcd.c:692:9:BSP_LCD_SetLayerVisible	0	static
stm32l4r9i_discovery_lcd.c:723:9:BSP_LCD_SetTransparency	8	static
stm32l4r9i_discovery_lcd.c:745:9:BSP_LCD_SetColorKeying	8	static
stm32l4r9i_discovery_lcd.c:768:9:BSP_LCD_ResetColorKeying	8	static
stm32l4r9i_discovery_lcd.c:788:6:BSP_LCD_SetTextColor	0	static
stm32l4r9i_discovery_lcd.c:797:10:BSP_LCD_GetTextColor	0	static
stm32l4r9i_discovery_lcd.c:806:6:BSP_LCD_SetBackColor	0	static
stm32l4r9i_discovery_lcd.c:815:10:BSP_LCD_GetBackColor	0	static
stm32l4r9i_discovery_lcd.c:824:6:BSP_LCD_SetFont	0	static
stm32l4r9i_discovery_lcd.c:833:8:BSP_LCD_GetFont	0	static
stm32l4r9i_discovery_lcd.c:844:10:BSP_LCD_ReadPixel	0	static
stm32l4r9i_discovery_lcd.c:860:6:BSP_LCD_Clear	16	static
stm32l4r9i_discovery_lcd.c:979:6:BSP_LCD_DrawHLine	24	static
stm32l4r9i_discovery_lcd.c:996:6:BSP_LCD_DrawVLine	24	static
stm32l4r9i_discovery_lcd.c:1088:6:BSP_LCD_DrawRect	24	static
stm32l4r9i_discovery_lcd.c:1210:6:BSP_LCD_DrawBitmap	56	static
stm32l4r9i_discovery_lcd.c:1270:6:BSP_LCD_FillRect	24	static
stm32l4r9i_discovery_lcd.c:871:6:BSP_LCD_ClearStringLine	24	static
stm32l4r9i_discovery_lcd.c:1404:6:BSP_LCD_FillEllipse	56	static
stm32l4r9i_discovery_lcd.c:1436:6:BSP_LCD_DrawPixel	8	static
stm32l4r9i_discovery_lcd.c:890:6:BSP_LCD_DisplayChar	56	static
stm32l4r9i_discovery_lcd.c:906:6:BSP_LCD_DisplayStringAt	24	static
stm32l4r9i_discovery_lcd.c:968:6:BSP_LCD_DisplayStringAtLine	4	static
stm32l4r9i_discovery_lcd.c:1014:6:BSP_LCD_DrawLine	56	static
stm32l4r9i_discovery_lcd.c:1151:6:BSP_LCD_DrawPolygon	16	static
stm32l4r9i_discovery_lcd.c:1864:13:FillTriangle	64	static
stm32l4r9i_discovery_lcd.c:1337:6:BSP_LCD_FillPolygon	72	static
stm32l4r9i_discovery_lcd.c:1105:6:BSP_LCD_DrawCircle	64	static
stm32l4r9i_discovery_lcd.c:1290:6:BSP_LCD_FillCircle	48	static
stm32l4r9i_discovery_lcd.c:1178:6:BSP_LCD_DrawEllipse	56	static
stm32l4r9i_discovery_lcd.c:1445:6:BSP_LCD_DisplayOn	16	static
stm32l4r9i_discovery_lcd.c:1458:6:BSP_LCD_DisplayOff	16	static
stm32l4r9i_discovery_lcd.c:1471:6:BSP_LCD_Refresh	16	static
stm32l4r9i_discovery_lcd.c:1484:9:BSP_LCD_IsFrameBufferAvailable	0	static
stm32l4r9i_discovery_lcd.c:1497:6:BSP_LCD_SetBrightness	16	static
stm32l4r9i_discovery_lcd.c:1513:13:BSP_LCD_DMA2D_IRQHandler	0	static
stm32l4r9i_discovery_lcd.c:1522:13:BSP_LCD_DSI_IRQHandler	0	static
stm32l4r9i_discovery_lcd.c:1541:13:BSP_LCD_LTDC_ER_IRQHandler	0	static
stm32l4r9i_discovery_lcd.c:1531:13:BSP_LCD_LTDC_IRQHandler	0	static
stm32l4r9i_discovery_lcd.c:1550:13:BSP_LCD_MspDeInit	88	static
stm32l4r9i_discovery_lcd.c:581:9:BSP_LCD_DeInit	32	static
stm32l4r9i_discovery_lcd.c:1596:13:BSP_LCD_MspInit	288	static
stm32l4r9i_discovery_lcd.c:193:9:BSP_LCD_Init	288	static
stm32l4r9i_discovery_lcd.c:1700:6:HAL_DSI_EndOfRefreshCallback	0	static
