stm32l4r9i_discovery.c:529:13:I2C1_Init	224	static
stm32l4r9i_discovery.c:200:13:BSP_ErrorHandler	0	static
stm32l4r9i_discovery.c:209:10:BSP_GetVersion	0	static
stm32l4r9i_discovery.c:222:6:BSP_LED_Init	32	static
stm32l4r9i_discovery.c:266:6:BSP_LED_DeInit	16	static
stm32l4r9i_discovery.c:286:6:BSP_LED_On	0	static
stm32l4r9i_discovery.c:306:6:BSP_LED_Off	0	static
stm32l4r9i_discovery.c:326:6:BSP_LED_Toggle	0	static
stm32l4r9i_discovery.c:394:6:BSP_JOY_DeInit	16	static
stm32l4r9i_discovery.c:414:18:BSP_JOY_GetState	8	static
stm32l4r9i_discovery.c:613:6:I2C1_DeInit	32	static
stm32l4r9i_discovery.c:839:13:I2C1_Error	8	static
stm32l4r9i_discovery.c:740:16:I2C1_ReadData.constprop	32	static
stm32l4r9i_discovery.c:940:6:MFX_IO_Init	8	static
stm32l4r9i_discovery.c:955:6:MFX_IO_DeInit	48	static
stm32l4r9i_discovery.c:982:6:MFX_IO_ITConfig	32	static
stm32l4r9i_discovery.c:347:9:BSP_JOY_Init	40	static
stm32l4r9i_discovery.c:1005:6:MFX_IO_EnableWakeupPin	32	static
stm32l4r9i_discovery.c:1024:6:MFX_IO_Wakeup	8	static
stm32l4r9i_discovery.c:1043:6:MFX_IO_Write	32	static
stm32l4r9i_discovery.c:1054:9:MFX_IO_Read	0	static
stm32l4r9i_discovery.c:1067:10:MFX_IO_ReadMultiple	24	static
stm32l4r9i_discovery.c:1080:6:MFX_IO_WriteMultiple	24	static
stm32l4r9i_discovery.c:1090:6:MFX_IO_Delay	0	static
stm32l4r9i_discovery.c:1177:6:AUDIO_IO_Write	32	static
stm32l4r9i_discovery.c:1188:9:AUDIO_IO_Read	32	static
stm32l4r9i_discovery.c:1101:6:AUDIO_IO_Init	8	static
stm32l4r9i_discovery.c:1140:6:AUDIO_IO_DeInit	8	static
stm32l4r9i_discovery.c:1202:6:AUDIO_IO_Delay	0	static
stm32l4r9i_discovery.c:1216:6:TS_IO_Init	0	static
stm32l4r9i_discovery.c:1239:9:TS_IO_Read	0	static
stm32l4r9i_discovery.c:1253:10:TS_IO_ReadMultiple	24	static
stm32l4r9i_discovery.c:1267:6:TS_IO_WriteMultiple	24	static
stm32l4r9i_discovery.c:1277:6:TS_IO_Delay	0	static
stm32l4r9i_discovery.c:1288:6:CAMERA_IO_Init	0	static
stm32l4r9i_discovery.c:1300:6:CAMERA_IO_Write	32	static
stm32l4r9i_discovery.c:1228:6:TS_IO_Write	0	static
stm32l4r9i_discovery.c:1311:9:CAMERA_IO_Read	32	static
stm32l4r9i_discovery.c:1325:6:CAMERA_Delay	0	static
