stm32l4r9i_discovery_camera.c:212:6:BSP_CAMERA_ContinuousStart	0	static
stm32l4r9i_discovery_camera.c:223:6:BSP_CAMERA_SnapshotStart	0	static
stm32l4r9i_discovery_camera.c:233:6:BSP_CAMERA_Suspend	0	static
stm32l4r9i_discovery_camera.c:243:6:BSP_CAMERA_Resume	0	static
stm32l4r9i_discovery_camera.c:253:9:BSP_CAMERA_Stop	8	static
stm32l4r9i_discovery_camera.c:269:6:BSP_CAMERA_PwrUp	8	static
stm32l4r9i_discovery_camera.c:281:6:BSP_CAMERA_PwrDown	0	static
stm32l4r9i_discovery_camera.c:305:6:BSP_CAMERA_ContrastBrightnessConfig	4	static
stm32l4r9i_discovery_camera.c:323:6:BSP_CAMERA_BlackWhiteConfig	4	static
stm32l4r9i_discovery_camera.c:341:6:BSP_CAMERA_ColorEffectConfig	4	static
stm32l4r9i_discovery_camera.c:396:13:BSP_CAMERA_MspInit	88	static
stm32l4r9i_discovery_camera.c:126:9:BSP_CAMERA_Init	32	static
stm32l4r9i_discovery_camera.c:494:13:BSP_CAMERA_MspDeInit	8	static
stm32l4r9i_discovery_camera.c:194:9:BSP_CAMERA_DeInit	8	static
stm32l4r9i_discovery_camera.c:526:13:BSP_CAMERA_LineEventCallback	0	static
stm32l4r9i_discovery_camera.c:517:6:HAL_DCMI_LineEventCallback	8	static
stm32l4r9i_discovery_camera.c:547:13:BSP_CAMERA_VsyncEventCallback	0	static
stm32l4r9i_discovery_camera.c:538:6:HAL_DCMI_VsyncEventCallback	8	static
stm32l4r9i_discovery_camera.c:568:13:BSP_CAMERA_FrameEventCallback	0	static
stm32l4r9i_discovery_camera.c:559:6:HAL_DCMI_FrameEventCallback	8	static
stm32l4r9i_discovery_camera.c:589:13:BSP_CAMERA_ErrorCallback	0	static
stm32l4r9i_discovery_camera.c:580:6:HAL_DCMI_ErrorCallback	8	static
