stm32l4r9i_discovery_audio.c:2035:16:AUDIO_SAIPLLConfig	168	static
stm32l4r9i_discovery_audio.c:1404:16:AUDIO_SAIx_Init	40	static
stm32l4r9i_discovery_audio.c:1696:16:AUDIO_DFSDMx_Init	16	static
stm32l4r9i_discovery_audio.c:1533:16:AUDIO_SAIx_DeInit	8	static
stm32l4r9i_discovery_audio.c:1828:16:AUDIO_DFSDMx_DeInit	8	static
stm32l4r9i_discovery_audio.c:310:9:BSP_AUDIO_OUT_Init	24	static
stm32l4r9i_discovery_audio.c:370:9:BSP_AUDIO_OUT_DeInit	16	static
stm32l4r9i_discovery_audio.c:416:9:BSP_AUDIO_OUT_Play	16	static
stm32l4r9i_discovery_audio.c:439:9:BSP_AUDIO_OUT_ChangeBuffer	8	static
stm32l4r9i_discovery_audio.c:459:9:BSP_AUDIO_OUT_Pause	8	static
stm32l4r9i_discovery_audio.c:484:9:BSP_AUDIO_OUT_Resume	8	static
stm32l4r9i_discovery_audio.c:510:9:BSP_AUDIO_OUT_Stop	8	static
stm32l4r9i_discovery_audio.c:539:9:BSP_AUDIO_OUT_SetVolume	16	static
stm32l4r9i_discovery_audio.c:558:9:BSP_AUDIO_OUT_SetMute	8	static
stm32l4r9i_discovery_audio.c:576:9:BSP_AUDIO_OUT_SetOutputMode	8	static
stm32l4r9i_discovery_audio.c:595:9:BSP_AUDIO_OUT_SetFrequency	32	static
stm32l4r9i_discovery_audio.c:636:6:BSP_AUDIO_OUT_ChangeAudioConfig	24	static
stm32l4r9i_discovery_audio.c:702:6:BSP_AUDIO_OUT_RegisterCallbacks	0	static
stm32l4r9i_discovery_audio.c:716:6:HAL_SAI_TxCpltCallback	0	static
stm32l4r9i_discovery_audio.c:730:6:HAL_SAI_TxHalfCpltCallback	0	static
stm32l4r9i_discovery_audio.c:744:6:HAL_SAI_ErrorCallback	8	static
stm32l4r9i_discovery_audio.c:789:9:BSP_AUDIO_IN_InitEx	24	static
stm32l4r9i_discovery_audio.c:775:9:BSP_AUDIO_IN_Init	0	static
stm32l4r9i_discovery_audio.c:874:9:BSP_AUDIO_IN_DeInit	8	static
stm32l4r9i_discovery_audio.c:933:9:BSP_AUDIO_IN_Record	24	static
stm32l4r9i_discovery_audio.c:1016:9:BSP_AUDIO_IN_SetFrequency	40	static
stm32l4r9i_discovery_audio.c:1073:6:HAL_DFSDM_FilterRegConvCpltCallback	24	static
stm32l4r9i_discovery_audio.c:1133:6:HAL_DFSDM_FilterRegConvHalfCpltCallback	24	static
stm32l4r9i_discovery_audio.c:1194:6:HAL_DFSDM_FilterErrorCallback	0	static
stm32l4r9i_discovery_audio.c:1208:6:HAL_SAI_RxCpltCallback	0	static
stm32l4r9i_discovery_audio.c:1222:6:HAL_SAI_RxHalfCpltCallback	0	static
stm32l4r9i_discovery_audio.c:1235:9:BSP_AUDIO_IN_Stop	8	static
stm32l4r9i_discovery_audio.c:1300:9:BSP_AUDIO_IN_Pause	8	static
stm32l4r9i_discovery_audio.c:1337:9:BSP_AUDIO_IN_Resume	8	static
stm32l4r9i_discovery_audio.c:1382:6:BSP_AUDIO_IN_RegisterCallbacks	0	static
stm32l4r9i_discovery_audio.c:1557:6:HAL_SAI_MspInit	80	static
stm32l4r9i_discovery_audio.c:1644:6:HAL_SAI_MspDeInit	8	static
stm32l4r9i_discovery_audio.c:1874:6:HAL_DFSDM_ChannelMspInit	64	static
stm32l4r9i_discovery_audio.c:1912:6:HAL_DFSDM_ChannelMspDeInit	8	static
stm32l4r9i_discovery_audio.c:1935:6:HAL_DFSDM_FilterMspInit	24	static
stm32l4r9i_discovery_audio.c:2007:6:HAL_DFSDM_FilterMspDeInit	8	static
