stm32l4xx_hal_msp.c:64:6:HAL_MspInit	8	static
stm32l4xx_hal_msp.c:86:6:HAL_DCMI_MspInit	64	static
stm32l4xx_hal_msp.c:169:6:HAL_DCMI_MspDeInit	8	static
stm32l4xx_hal_msp.c:216:6:HAL_DFSDM_ChannelMspInit	8	static
stm32l4xx_hal_msp.c:238:6:HAL_DFSDM_ChannelMspDeInit	0	static
stm32l4xx_hal_msp.c:261:6:HAL_DMA2D_MspInit	8	static
stm32l4xx_hal_msp.c:283:6:HAL_DMA2D_MspDeInit	0	static
stm32l4xx_hal_msp.c:305:6:HAL_DSI_MspInit	8	static
stm32l4xx_hal_msp.c:327:6:HAL_DSI_MspDeInit	0	static
stm32l4xx_hal_msp.c:349:6:HAL_GFXMMU_MspInit	8	static
stm32l4xx_hal_msp.c:371:6:HAL_GFXMMU_MspDeInit	0	static
stm32l4xx_hal_msp.c:393:6:HAL_I2C_MspInit	40	static
stm32l4xx_hal_msp.c:429:6:HAL_SMBUS_MspInit	40	static
stm32l4xx_hal_msp.c:466:6:HAL_I2C_MspDeInit	0	static
stm32l4xx_hal_msp.c:495:6:HAL_SMBUS_MspDeInit	0	static
stm32l4xx_hal_msp.c:524:6:HAL_LTDC_MspInit	8	static
stm32l4xx_hal_msp.c:546:6:HAL_LTDC_MspDeInit	0	static
stm32l4xx_hal_msp.c:568:6:HAL_OSPI_MspInit	8	static
stm32l4xx_hal_msp.c:590:6:HAL_OSPI_MspDeInit	0	static
stm32l4xx_hal_msp.c:612:6:HAL_RTC_MspInit	0	static
stm32l4xx_hal_msp.c:634:6:HAL_RTC_MspDeInit	0	static
stm32l4xx_hal_msp.c:656:6:HAL_SD_MspInit	48	static
stm32l4xx_hal_msp.c:701:6:HAL_SD_MspDeInit	8	static
stm32l4xx_hal_msp.c:766:6:HAL_SRAM_MspInit	48	static
stm32l4xx_hal_msp.c:804:6:HAL_SRAM_MspDeInit	8	static
stm32l4xx_hal_msp.c:816:6:HAL_SAI_MspInit	32	static
stm32l4xx_hal_msp.c:845:6:HAL_SAI_MspDeInit	0	static
